Archive member included to satisfy reference by file (symbol)

/opt/st/stm32cubeide_1.19.0/plugins/com.st.stm32cube.ide.mcu.externaltools.gnu-tools-for-stm32.13.3.rel1.linux64_1.0.0.202410170706/tools/bin/../lib/gcc/arm-none-eabi/13.3.1/../../../../arm-none-eabi/lib/thumb/v7e-m/nofp/libc_nano.a(libc_a-exit.o)
                              /opt/st/stm32cubeide_1.19.0/plugins/com.st.stm32cube.ide.mcu.externaltools.gnu-tools-for-stm32.13.3.rel1.linux64_1.0.0.202410170706/tools/bin/../lib/gcc/arm-none-eabi/13.3.1/../../../../arm-none-eabi/lib/thumb/v7e-m/nofp/crt0.o (exit)
/opt/st/stm32cubeide_1.19.0/plugins/com.st.stm32cube.ide.mcu.externaltools.gnu-tools-for-stm32.13.3.rel1.linux64_1.0.0.202410170706/tools/bin/../lib/gcc/arm-none-eabi/13.3.1/../../../../arm-none-eabi/lib/thumb/v7e-m/nofp/libc_nano.a(libc_a-findfp.o)
                              /opt/st/stm32cubeide_1.19.0/plugins/com.st.stm32cube.ide.mcu.externaltools.gnu-tools-for-stm32.13.3.rel1.linux64_1.0.0.202410170706/tools/bin/../lib/gcc/arm-none-eabi/13.3.1/../../../../arm-none-eabi/lib/thumb/v7e-m/nofp/libc_nano.a(libc_a-exit.o) (__stdio_exit_handler)
/opt/st/stm32cubeide_1.19.0/plugins/com.st.stm32cube.ide.mcu.externaltools.gnu-tools-for-stm32.13.3.rel1.linux64_1.0.0.202410170706/tools/bin/../lib/gcc/arm-none-eabi/13.3.1/../../../../arm-none-eabi/lib/thumb/v7e-m/nofp/libc_nano.a(libc_a-fwalk.o)
                              /opt/st/stm32cubeide_1.19.0/plugins/com.st.stm32cube.ide.mcu.externaltools.gnu-tools-for-stm32.13.3.rel1.linux64_1.0.0.202410170706/tools/bin/../lib/gcc/arm-none-eabi/13.3.1/../../../../arm-none-eabi/lib/thumb/v7e-m/nofp/libc_nano.a(libc_a-findfp.o) (_fwalk_sglue)
/opt/st/stm32cubeide_1.19.0/plugins/com.st.stm32cube.ide.mcu.externaltools.gnu-tools-for-stm32.13.3.rel1.linux64_1.0.0.202410170706/tools/bin/../lib/gcc/arm-none-eabi/13.3.1/../../../../arm-none-eabi/lib/thumb/v7e-m/nofp/libc_nano.a(libc_a-stdio.o)
                              /opt/st/stm32cubeide_1.19.0/plugins/com.st.stm32cube.ide.mcu.externaltools.gnu-tools-for-stm32.13.3.rel1.linux64_1.0.0.202410170706/tools/bin/../lib/gcc/arm-none-eabi/13.3.1/../../../../arm-none-eabi/lib/thumb/v7e-m/nofp/libc_nano.a(libc_a-findfp.o) (__sread)
/opt/st/stm32cubeide_1.19.0/plugins/com.st.stm32cube.ide.mcu.externaltools.gnu-tools-for-stm32.13.3.rel1.linux64_1.0.0.202410170706/tools/bin/../lib/gcc/arm-none-eabi/13.3.1/../../../../arm-none-eabi/lib/thumb/v7e-m/nofp/libc_nano.a(libc_a-memset.o)
                              /opt/st/stm32cubeide_1.19.0/plugins/com.st.stm32cube.ide.mcu.externaltools.gnu-tools-for-stm32.13.3.rel1.linux64_1.0.0.202410170706/tools/bin/../lib/gcc/arm-none-eabi/13.3.1/../../../../arm-none-eabi/lib/thumb/v7e-m/nofp/crt0.o (memset)
/opt/st/stm32cubeide_1.19.0/plugins/com.st.stm32cube.ide.mcu.externaltools.gnu-tools-for-stm32.13.3.rel1.linux64_1.0.0.202410170706/tools/bin/../lib/gcc/arm-none-eabi/13.3.1/../../../../arm-none-eabi/lib/thumb/v7e-m/nofp/libc_nano.a(libc_a-closer.o)
                              /opt/st/stm32cubeide_1.19.0/plugins/com.st.stm32cube.ide.mcu.externaltools.gnu-tools-for-stm32.13.3.rel1.linux64_1.0.0.202410170706/tools/bin/../lib/gcc/arm-none-eabi/13.3.1/../../../../arm-none-eabi/lib/thumb/v7e-m/nofp/libc_nano.a(libc_a-stdio.o) (_close_r)
/opt/st/stm32cubeide_1.19.0/plugins/com.st.stm32cube.ide.mcu.externaltools.gnu-tools-for-stm32.13.3.rel1.linux64_1.0.0.202410170706/tools/bin/../lib/gcc/arm-none-eabi/13.3.1/../../../../arm-none-eabi/lib/thumb/v7e-m/nofp/libc_nano.a(libc_a-reent.o)
                              /opt/st/stm32cubeide_1.19.0/plugins/com.st.stm32cube.ide.mcu.externaltools.gnu-tools-for-stm32.13.3.rel1.linux64_1.0.0.202410170706/tools/bin/../lib/gcc/arm-none-eabi/13.3.1/../../../../arm-none-eabi/lib/thumb/v7e-m/nofp/libc_nano.a(libc_a-closer.o) (errno)
/opt/st/stm32cubeide_1.19.0/plugins/com.st.stm32cube.ide.mcu.externaltools.gnu-tools-for-stm32.13.3.rel1.linux64_1.0.0.202410170706/tools/bin/../lib/gcc/arm-none-eabi/13.3.1/../../../../arm-none-eabi/lib/thumb/v7e-m/nofp/libc_nano.a(libc_a-impure.o)
                              /opt/st/stm32cubeide_1.19.0/plugins/com.st.stm32cube.ide.mcu.externaltools.gnu-tools-for-stm32.13.3.rel1.linux64_1.0.0.202410170706/tools/bin/../lib/gcc/arm-none-eabi/13.3.1/../../../../arm-none-eabi/lib/thumb/v7e-m/nofp/libc_nano.a(libc_a-reent.o) (_impure_ptr)
/opt/st/stm32cubeide_1.19.0/plugins/com.st.stm32cube.ide.mcu.externaltools.gnu-tools-for-stm32.13.3.rel1.linux64_1.0.0.202410170706/tools/bin/../lib/gcc/arm-none-eabi/13.3.1/../../../../arm-none-eabi/lib/thumb/v7e-m/nofp/libc_nano.a(libc_a-lseekr.o)
                              /opt/st/stm32cubeide_1.19.0/plugins/com.st.stm32cube.ide.mcu.externaltools.gnu-tools-for-stm32.13.3.rel1.linux64_1.0.0.202410170706/tools/bin/../lib/gcc/arm-none-eabi/13.3.1/../../../../arm-none-eabi/lib/thumb/v7e-m/nofp/libc_nano.a(libc_a-stdio.o) (_lseek_r)
[...]
Memory Configuration

Name             Origin             Length             Attributes
RAM              0x20000000         0x00020000         xrw
FLASH            0x08000000         0x00080000         xr
*default*        0x00000000         0xffffffff

Linker script and memory map

LOAD /opt/st/stm32cubeide_1.19.0/plugins/com.st.stm32cube.ide.mcu.externaltools.gnu-tools-for-stm32.13.3.rel1.linux64_1.0.0.202410170706/tools/bin/../lib/gcc/arm-none-eabi/13.3.1/thumb/v7e-m/nofp/crti.o
LOAD /opt/st/stm32cubeide_1.19.0/plugins/com.st.stm32cube.ide.mcu.externaltools.gnu-tools-for-stm32.13.3.rel1.linux64_1.0.0.202410170706/tools/bin/../lib/gcc/arm-none-eabi/13.3.1/thumb/v7e-m/nofp/crtbegin.o
LOAD /opt/st/stm32cubeide_1.19.0/plugins/com.st.stm32cube.ide.mcu.externaltools.gnu-tools-for-stm32.13.3.rel1.linux64_1.0.0.202410170706/tools/bin/../lib/gcc/arm-none-eabi/13.3.1/../../../../arm-none-eabi/lib/thumb/v7e-m/nofp/crt0.o
LOAD ./Src/EXTI_program.o
LOAD ./Src/GPIO_prog.o
LOAD ./Src/IR_Program.o
LOAD ./Src/NVIC_program.o
LOAD ./Src/RCC_program.o
LOAD ./Src/SYSCFG_program.o
LOAD ./Src/SYSTIC_program.o
LOAD ./Src/SYS_init.o
LOAD ./Src/main.o
LOAD ./Src/syscalls.o
LOAD ./Src/sysmem.o
LOAD ./Startup/startup_stm32f446retx.o
START GROUP
LOAD /opt/st/stm32cubeide_1.19.0/plugins/com.st.stm32cube.ide.mcu.externaltools.gnu-tools-for-stm32.13.3.rel1.linux64_1.0.0.202410170706/tools/bin/../lib/gcc/arm-none-eabi/13.3.1/../../../../arm-none-eabi/lib/thumb/v7e-m/nofp/libc_nano.a
LOAD /opt/st/stm32cubeide_1.19.0/plugins/com.st.stm32cube.ide.mcu.externaltools.gnu-tools-for-stm32.13.3.rel1.linux64_1.0.0.202410170706/tools/bin/../lib/gcc/arm-none-eabi/13.3.1/../../../../arm-none-eabi/lib/thumb/v7e-m/nofp/libm.a
END GROUP
START GROUP
LOAD /opt/st/stm32cubeide_1.19.0/plugins/com.st.stm32cube.ide.mcu.externaltools.gnu-tools-for-stm32.13.3.rel1.linux64_1.0.0.202410170706/tools/bin/../lib/gcc/arm-none-eabi/13.3.1/thumb/v7e-m/nofp/libgcc.a
LOAD /opt/st/stm32cubeide_1.19.0/plugins/com.st.stm32cube.ide.mcu.externaltools.gnu-tools-for-stm32.13.3.rel1.linux64_1.0.0.202410170706/tools/bin/../lib/gcc/arm-none-eabi/13.3.1/../../../../arm-none-eabi/lib/thumb/v7e-m/nofp/libc_nano.a
END GROUP
START GROUP
LOAD /opt/st/stm32cubeide_1.19.0/plugins/com.st.stm32cube.ide.mcu.externaltools.gnu-tools-for-stm32.13.3.rel1.linux64_1.0.0.202410170706/tools/bin/../lib/gcc/arm-none-eabi/13.3.1/thumb/v7e-m/nofp/libgcc.a
LOAD /opt/st/stm32cubeide_1.19.0/plugins/com.st.stm32cube.ide.mcu.externaltools.gnu-tools-for-stm32.13.3.rel1.linux64_1.0.0.202410170706/tools/bin/../lib/gcc/arm-none-eabi/13.3.1/../../../../arm-none-eabi/lib/thumb/v7e-m/nofp/libc_nano.a
LOAD /opt/st/stm32cubeide_1.19.0/plugins/com.st.stm32cube.ide.mcu.externaltools.gnu-tools-for-stm32.13.3.rel1.linux64_1.0.0.202410170706/tools/bin/../lib/gcc/arm-none-eabi/13.3.1/../../../../arm-none-eabi/lib/thumb/v7e-m/nofp/libnosys.a
END GROUP
START GROUP
LOAD /opt/st/stm32cubeide_1.19.0/plugins/com.st.stm32cube.ide.mcu.externaltools.gnu-tools-for-stm32.13.3.rel1.linux64_1.0.0.202410170706/tools/bin/../lib/gcc/arm-none-eabi/13.3.1/thumb/v7e-m/nofp/libgcc.a
LOAD /opt/st/stm32cubeide_1.19.0/plugins/com.st.stm32cube.ide.mcu.externaltools.gnu-tools-for-stm32.13.3.rel1.linux64_1.0.0.202410170706/tools/bin/../lib/gcc/arm-none-eabi/13.3.1/../../../../arm-none-eabi/lib/thumb/v7e-m/nofp/libc_nano.a
LOAD /opt/st/stm32cubeide_1.19.0/plugins/com.st.stm32cube.ide.mcu.externaltools.gnu-tools-for-stm32.13.3.rel1.linux64_1.0.0.202410170706/tools/bin/../lib/gcc/arm-none-eabi/13.3.1/../../../../arm-none-eabi/lib/thumb/v7e-m/nofp/libnosys.a
END GROUP
LOAD /opt/st/stm32cubeide_1.19.0/plugins/com.st.stm32cube.ide.mcu.externaltools.gnu-tools-for-stm32.13.3.rel1.linux64_1.0.0.202410170706/tools/bin/../lib/gcc/arm-none-eabi/13.3.1/thumb/v7e-m/nofp/crtend.o
LOAD /opt/st/stm32cubeide_1.19.0/plugins/com.st.stm32cube.ide.mcu.externaltools.gnu-tools-for-stm32.13.3.rel1.linux64_1.0.0.202410170706/tools/bin/../lib/gcc/arm-none-eabi/13.3.1/thumb/v7e-m/nofp/crtn.o
                0x20020000                        _estack = (ORIGIN (RAM) + LENGTH (RAM))
                0x00000200                        _Min_Heap_Size = 0x200
                0x00000400                        _Min_Stack_Size = 0x400

.isr_vector     0x08000000      0x1c4
                0x08000000                        . = ALIGN (0x4)
 *(.isr_vector)
 .isr_vector    0x08000000      0x1c4 ./Startup/startup_stm32f446retx.o
                0x08000000                g_pfnVectors
                0x080001c4                        . = ALIGN (0x4)

.text           0x080001c4     0x1a28
                0x080001c4                        . = ALIGN (0x4)
 *(.text)
 .text          0x080001c4       0x40 /opt/st/stm32cubeide_1.19.0/plugins/com.st.stm32cube.ide.mcu.externaltools.gnu-tools-for-stm32.13.3.rel1.linux64_1.0.0.202410170706/tools/bin/../lib/gcc/arm-none-eabi/13.3.1/thumb/v7e-m/nofp/crtbegin.o
 .text          0x08000204      0x378 /opt/st/stm32cubeide_1.19.0/plugins/com.st.stm32cube.ide.mcu.externaltools.gnu-tools-for-stm32.13.3.rel1.linux64_1.0.0.202410170706/tools/bin/../lib/gcc/arm-none-eabi/13.3.1/thumb/v7e-m/nofp/libgcc.a(_arm_addsubdf3.o)
                0x08000204                __aeabi_drsub
                0x0800020c                __aeabi_dsub
                0x0800020c                __subdf3
                0x08000210                __adddf3
                0x08000210                __aeabi_dadd
                0x08000488                __aeabi_ui2d
                0x08000488                __floatunsidf
                0x080004a8                __floatsidf
                0x080004a8                __aeabi_i2d
                0x080004cc                __extendsfdf2
                0x080004cc                __aeabi_f2d
                0x08000510                __aeabi_ul2d
                0x08000510                __floatundidf
                0x08000520                __floatdidf
                0x08000520                __aeabi_l2d
 .text          0x0800057c      0x424 /opt/st/stm32cubeide_1.19.0/plugins/com.st.stm32cube.ide.mcu.externaltools.gnu-tools-for-stm32.13.3.rel1.linux64_1.0.0.202410170706/tools/bin/../lib/gcc/arm-none-eabi/13.3.1/thumb/v7e-m/nofp/libgcc.a(_arm_muldivdf3.o)
                0x0800057c                __aeabi_dmul
                0x0800057c                __muldf3
                0x080007d0                __aeabi_ddiv
                0x080007d0                __divdf3
 .text          0x080009a0       0x40 /opt/st/stm32cubeide_1.19.0/plugins/com.st.stm32cube.ide.mcu.externaltools.gnu-tools-for-stm32.13.3.rel1.linux64_1.0.0.202410170706/tools/bin/../lib/gcc/arm-none-eabi/13.3.1/thumb/v7e-m/nofp/libgcc.a(_arm_fixunsdfsi.o)
                0x080009a0                __fixunsdfsi
                0x080009a0                __aeabi_d2uiz
 *(.text*)
 .text.EXTI_vLineInit
                0x080009e0      0x170 ./Src/EXTI_program.o
                0x080009e0                EXTI_vLineInit
 .text.EXTI_vSwIntEvent
                0x08000b50       0x40 ./Src/EXTI_program.o
                0x08000b50                EXTI_vSwIntEvent
 .text.EXTI_vClearPendFlag
                0x08000b90       0x2c ./Src/EXTI_program.o
                0x08000b90                EXTI_vClearPendFlag
 .text.EXTI_u8ReadPendFlag
                0x08000bbc       0x30 ./Src/EXTI_program.o
                0x08000bbc                EXTI_u8ReadPendFlag
 .text.EXTI0_IRQHandler
                0x08000bec       0x20 ./Src/EXTI_program.o
                0x08000bec                EXTI0_IRQHandler
 .text.EXTI1_IRQHandler
                0x08000c0c       0x20 ./Src/EXTI_program.o
                0x08000c0c                EXTI1_IRQHandler
 .text.EXTI2_IRQHandler
                0x08000c2c       0x20 ./Src/EXTI_program.o
                0x08000c2c                EXTI2_IRQHandler
 .text.EXTI3_IRQHandler
                0x08000c4c       0x20 ./Src/EXTI_program.o
                0x08000c4c                EXTI3_IRQHandler
 .text.EXTI4_IRQHandler
                0x08000c6c       0x20 ./Src/EXTI_program.o
                0x08000c6c                EXTI4_IRQHandler
 .text.EXTI9_5_IRQHandler
                0x08000c8c       0xb4 ./Src/EXTI_program.o
                0x08000c8c                EXTI9_5_IRQHandler
 .text.EXTI15_10_IRQHandler
                0x08000d40       0xd8 ./Src/EXTI_program.o
                0x08000d40                EXTI15_10_IRQHandler
 .text.GPIO_enumPinInit
                0x08000e18      0x2ac ./Src/GPIO_prog.o
                0x08000e18                GPIO_enumPinInit
 .text.GPIO_enumPort8PinsInit
                0x080010c4       0x8c ./Src/GPIO_prog.o
                0x080010c4                GPIO_enumPort8PinsInit
 .text.GPIO_enumWrite8PinsVal
                0x08001150       0x7c ./Src/GPIO_prog.o
                0x08001150                GPIO_enumWrite8PinsVal
 .text.GET_vIRVal
                0x080011cc       0x58 ./Src/IR_Program.o
                0x080011cc                GET_vIRVal
 .text.Systic_func
                0x08001224      0x104 ./Src/IR_Program.o
                0x08001224                Systic_func
 .text.NVIC_vEnableIRQ
                0x08001328       0x44 ./Src/NVIC_program.o
                0x08001328                NVIC_vEnableIRQ
 .text.RCC_enumAHPPerSts
                0x0800136c      0x110 ./Src/RCC_program.o
                0x0800136c                RCC_enumAHPPerSts
 .text.RCC_enumABPPerSts
                0x0800147c       0xcc ./Src/RCC_program.o
                0x0800147c                RCC_enumABPPerSts
 .text.SYSCFG_vSetEXTIConfig
                0x08001548       0x74 ./Src/SYSCFG_program.o
                0x08001548                SYSCFG_vSetEXTIConfig
 .text.SYSTIC_vInit
                0x080015bc       0x28 ./Src/SYSTIC_program.o
                0x080015bc                SYSTIC_vInit
 .text.SYSTIC_vDisable
                0x080015e4       0x1c ./Src/SYSTIC_program.o
 .text.SYSTIC_vEnable
                0x08001600       0x1c ./Src/SYSTIC_program.o
 .text.SYSTIC_vWait
                0x0800161c       0x20 ./Src/SYSTIC_program.o
 .text.SYSTIC_vDelayUs
                0x0800163c       0xb4 ./Src/SYSTIC_program.o
                0x0800163c                SYSTIC_vDelayUs
 .text.SYSTIC_enumGetElapsedTickSingleShot
                0x080016f0       0x60 ./Src/SYSTIC_program.o
                0x080016f0                SYSTIC_enumGetElapsedTickSingleShot
 .text.SYSTIC_enumCallbackSingleShot
                0x08001750       0x78 ./Src/SYSTIC_program.o
                0x08001750                SYSTIC_enumCallbackSingleShot
 .text.SysTick_Handler
                0x080017c8       0x2c ./Src/SYSTIC_program.o
                0x080017c8                SysTick_Handler
 .text.SYS_init
                0x080017f4       0xb0 ./Src/SYS_init.o
                0x080017f4                SYS_init
 .text.main     0x080018a4       0xd8 ./Src/main.o
                0x080018a4                main
 .text.NEXT     0x0800197c       0xb8 ./Src/main.o
                0x0800197c                NEXT
 .text.PAUSE_RESUME
                0x08001a34       0x30 ./Src/main.o
                0x08001a34                PAUSE_RESUME
 .text.PREVIOUS
                0x08001a64       0xb8 ./Src/main.o
                0x08001a64                PREVIOUS
 .text.Reset_Handler
                0x08001b1c       0x50 ./Startup/startup_stm32f446retx.o
                0x08001b1c                Reset_Handler
 .text.Default_Handler
                0x08001b6c        0x2 ./Startup/startup_stm32f446retx.o
                0x08001b6c                RTC_Alarm_IRQHandler
                0x08001b6c                TIM8_CC_IRQHandler
                0x08001b6c                SPDIF_Rx_IRQHandler
                0x08001b6c                DebugMon_Handler
                0x08001b6c                SPI4_IRQHandler
                0x08001b6c                TIM1_CC_IRQHandler
                0x08001b6c                QuadSPI_IRQHandler
                0x08001b6c                DMA2_Stream5_IRQHandler
                0x08001b6c                HardFault_Handler
                0x08001b6c                DMA1_Stream5_IRQHandler
                0x08001b6c                PVD_IRQHandler
                0x08001b6c                SDIO_IRQHandler
                0x08001b6c                TAMP_STAMP_IRQHandler
                0x08001b6c                PendSV_Handler
                0x08001b6c                NMI_Handler
                0x08001b6c                CAN2_RX1_IRQHandler
                0x08001b6c                TIM8_TRG_COM_TIM14_IRQHandler
                0x08001b6c                TIM1_UP_TIM10_IRQHandler
                0x08001b6c                FMPI2C1_error_IRQHandler
                0x08001b6c                TIM8_UP_TIM13_IRQHandler
                0x08001b6c                I2C3_ER_IRQHandler
                0x08001b6c                I2C2_EV_IRQHandler
                0x08001b6c                DMA1_Stream2_IRQHandler
                0x08001b6c                CAN1_RX0_IRQHandler
                0x08001b6c                OTG_HS_WKUP_IRQHandler
                0x08001b6c                UsageFault_Handler
                0x08001b6c                CAN2_SCE_IRQHandler
                0x08001b6c                DMA2_Stream2_IRQHandler
                0x08001b6c                SPI1_IRQHandler
                0x08001b6c                TIM6_DAC_IRQHandler
                0x08001b6c                TIM1_BRK_TIM9_IRQHandler
                0x08001b6c                DCMI_IRQHandler
                0x08001b6c                CAN2_RX0_IRQHandler
                0x08001b6c                DMA2_Stream3_IRQHandler
                0x08001b6c                FMPI2C1_IRQHandler
                0x08001b6c                SAI2_IRQHandler
                0x08001b6c                USART6_IRQHandler
                0x08001b6c                USART3_IRQHandler
                0x08001b6c                CAN1_RX1_IRQHandler
                0x08001b6c                UART5_IRQHandler
                0x08001b6c                DMA2_Stream0_IRQHandler
                0x08001b6c                TIM4_IRQHandler
                0x08001b6c                I2C1_EV_IRQHandler
                0x08001b6c                HDMI_CEC_IRQHandler
                0x08001b6c                DMA1_Stream6_IRQHandler
                0x08001b6c                DMA1_Stream1_IRQHandler
                0x08001b6c                UART4_IRQHandler
                0x08001b6c                TIM3_IRQHandler
                0x08001b6c                RCC_IRQHandler
                0x08001b6c                TIM8_BRK_TIM12_IRQHandler
                0x08001b6c                Default_Handler
                0x08001b6c                ADC_IRQHandler
                0x08001b6c                DMA1_Stream7_IRQHandler
                0x08001b6c                TIM7_IRQHandler
                0x08001b6c                CAN2_TX_IRQHandler
                0x08001b6c                TIM5_IRQHandler
                0x08001b6c                DMA2_Stream7_IRQHandler
                0x08001b6c                I2C3_EV_IRQHandler
                0x08001b6c                RTC_WKUP_IRQHandler
                0x08001b6c                SPI2_IRQHandler
                0x08001b6c                OTG_HS_EP1_IN_IRQHandler
                0x08001b6c                MemManage_Handler
                0x08001b6c                DMA1_Stream0_IRQHandler
                0x08001b6c                CAN1_TX_IRQHandler
                0x08001b6c                SVC_Handler
                0x08001b6c                OTG_HS_EP1_OUT_IRQHandler
                0x08001b6c                WWDG_IRQHandler
                0x08001b6c                TIM2_IRQHandler
                0x08001b6c                OTG_FS_WKUP_IRQHandler
                0x08001b6c                TIM1_TRG_COM_TIM11_IRQHandler
                0x08001b6c                OTG_HS_IRQHandler
                0x08001b6c                USART2_IRQHandler
                0x08001b6c                I2C2_ER_IRQHandler
                0x08001b6c                DMA2_Stream1_IRQHandler
                0x08001b6c                CAN1_SCE_IRQHandler
                0x08001b6c                FLASH_IRQHandler
                0x08001b6c                DMA2_Stream4_IRQHandler
                0x08001b6c                BusFault_Handler
                0x08001b6c                USART1_IRQHandler
                0x08001b6c                OTG_FS_IRQHandler
                0x08001b6c                SPI3_IRQHandler
                0x08001b6c                DMA1_Stream4_IRQHandler
                0x08001b6c                I2C1_ER_IRQHandler
                0x08001b6c                FMC_IRQHandler
                0x08001b6c                DMA2_Stream6_IRQHandler
                0x08001b6c                SAI1_IRQHandler
                0x08001b6c                DMA1_Stream3_IRQHandler
 *fill*         0x08001b6e        0x2 
 .text.__libc_init_array
                0x08001b70       0x48 /opt/st/stm32cubeide_1.19.0/plugins/com.st.stm32cube.ide.mcu.externaltools.gnu-tools-for-stm32.13.3.rel1.linux64_1.0.0.202410170706/tools/bin/../lib/gcc/arm-none-eabi/13.3.1/../../../../arm-none-eabi/lib/thumb/v7e-m/nofp/libc_nano.a(libc_a-init.o)
                0x08001b70                __libc_init_array
 .text.memcpy   0x08001bb8       0x1c /opt/st/stm32cubeide_1.19.0/plugins/com.st.stm32cube.ide.mcu.externaltools.gnu-tools-for-stm32.13.3.rel1.linux64_1.0.0.202410170706/tools/bin/../lib/gcc/arm-none-eabi/13.3.1/../../../../arm-none-eabi/lib/thumb/v7e-m/nofp/libc_nano.a(libc_a-memcpy-stub.o)
                0x08001bb8                memcpy
 *(.glue_7)
 .glue_7        0x08001bd4        0x0 linker stubs
 *(.glue_7t)
 .glue_7t       0x08001bd4        0x0 linker stubs
 *(.eh_frame)
 .eh_frame      0x08001bd4        0x0 /opt/st/stm32cubeide_1.19.0/plugins/com.st.stm32cube.ide.mcu.externaltools.gnu-tools-for-stm32.13.3.rel1.linux64_1.0.0.202410170706/tools/bin/../lib/gcc/arm-none-eabi/13.3.1/thumb/v7e-m/nofp/crtbegin.o
 *(.init)
 .init          0x08001bd4        0x4 /opt/st/stm32cubeide_1.19.0/plugins/com.st.stm32cube.ide.mcu.externaltools.gnu-tools-for-stm32.13.3.rel1.linux64_1.0.0.202410170706/tools/bin/../lib/gcc/arm-none-eabi/13.3.1/thumb/v7e-m/nofp/crti.o
                0x08001bd4                _init
 .init          0x08001bd8        0x8 /opt/st/stm32cubeide_1.19.0/plugins/com.st.stm32cube.ide.mcu.externaltools.gnu-tools-for-stm32.13.3.rel1.linux64_1.0.0.202410170706/tools/bin/../lib/gcc/arm-none-eabi/13.3.1/thumb/v7e-m/nofp/crtn.o
 *(.fini)
 .fini          0x08001be0        0x4 /opt/st/stm32cubeide_1.19.0/plugins/com.st.stm32cube.ide.mcu.externaltools.gnu-tools-for-stm32.13.3.rel1.linux64_1.0.0.202410170706/tools/bin/../lib/gcc/arm-none-eabi/13.3.1/thumb/v7e-m/nofp/crti.o
                0x08001be0                _fini
 .fini          0x08001be4        0x8 /opt/st/stm32cubeide_1.19.0/plugins/com.st.stm32cube.ide.mcu.externaltools.gnu-tools-for-stm32.13.3.rel1.linux64_1.0.0.202410170706/tools/bin/../lib/gcc/arm-none-eabi/13.3.1/thumb/v7e-m/nofp/crtn.o
                0x08001bec                        . = ALIGN (0x4)
                0x08001bec                        _etext = .

.vfp11_veneer   0x08001bec        0x0
 .vfp11_veneer  0x08001bec        0x0 linker stubs

.v4_bx          0x08001bec        0x0
 .v4_bx         0x08001bec        0x0 linker stubs

.iplt           0x08001bec        0x0
 .iplt          0x08001bec        0x0 /opt/st/stm32cubeide_1.19.0/plugins/com.st.stm32cube.ide.mcu.externaltools.gnu-tools-for-stm32.13.3.rel1.linux64_1.0.0.202410170706/tools/bin/../lib/gcc/arm-none-eabi/13.3.1/thumb/v7e-m/nofp/crtbegin.o

.rodata         0x08001bec     0x7dcc
                0x08001bec                        . = ALIGN (0x4)
 *(.rodata)
 *(.rodata*)
 .rodata.son1_raw
                0x08001bec     0x3e20 ./Src/main.o
                0x08001bec                son1_raw
 .rodata.son2_raw
                0x08005a0c     0x1f71 ./Src/main.o
                0x08005a0c                son2_raw
 *fill*         0x0800797d        0x3 
 .rodata.son3_raw
                0x08007980     0x2038 ./Src/main.o
                0x08007980                son3_raw
                0x080099b8                        . = ALIGN (0x4)

.ARM.extab      0x080099b8        0x0
                0x080099b8                        . = ALIGN (0x4)
 *(.ARM.extab* .gnu.linkonce.armextab.*)
                0x080099b8                        . = ALIGN (0x4)

.ARM            0x080099b8        0x0
                0x080099b8                        . = ALIGN (0x4)
                0x080099b8                        __exidx_start = .
 *(.ARM.exidx*)
                0x080099b8                        __exidx_end = .
                0x080099b8                        . = ALIGN (0x4)

.preinit_array  0x080099b8        0x0
                0x080099b8                        . = ALIGN (0x4)
                0x080099b8                        PROVIDE (__preinit_array_start = .)
 *(.preinit_array*)
                0x080099b8                        PROVIDE (__preinit_array_end = .)
                0x080099b8                        . = ALIGN (0x4)

.init_array     0x080099b8        0x4
                0x080099b8                        . = ALIGN (0x4)
                0x080099b8                        PROVIDE (__init_array_start = .)
 *(SORT_BY_NAME(.init_array.*))
 *(.init_array*)
 .init_array    0x080099b8        0x4 /opt/st/stm32cubeide_1.19.0/plugins/com.st.stm32cube.ide.mcu.externaltools.gnu-tools-for-stm32.13.3.rel1.linux64_1.0.0.202410170706/tools/bin/../lib/gcc/arm-none-eabi/13.3.1/thumb/v7e-m/nofp/crtbegin.o
                0x080099bc                        PROVIDE (__init_array_end = .)
                0x080099bc                        . = ALIGN (0x4)

.fini_array     0x080099bc        0x4
                0x080099bc                        . = ALIGN (0x4)
                [!provide]                        PROVIDE (__fini_array_start = .)
 *(SORT_BY_NAME(.fini_array.*))
 *(.fini_array*)
 .fini_array    0x080099bc        0x4 /opt/st/stm32cubeide_1.19.0/plugins/com.st.stm32cube.ide.mcu.externaltools.gnu-tools-for-stm32.13.3.rel1.linux64_1.0.0.202410170706/tools/bin/../lib/gcc/arm-none-eabi/13.3.1/thumb/v7e-m/nofp/crtbegin.o
                [!provide]                        PROVIDE (__fini_array_end = .)
                0x080099c0                        . = ALIGN (0x4)
                0x080099c0                        _sidata = LOADADDR (.data)

.rel.dyn        0x080099c0        0x0
 .rel.iplt      0x080099c0        0x0 /opt/st/stm32cubeide_1.19.0/plugins/com.st.stm32cube.ide.mcu.externaltools.gnu-tools-for-stm32.13.3.rel1.linux64_1.0.0.202410170706/tools/bin/../lib/gcc/arm-none-eabi/13.3.1/thumb/v7e-m/nofp/crtbegin.o

.data           0x20000000       0x6c load address 0x080099c0
                0x20000000                        . = ALIGN (0x4)
                0x20000000                        _sdata = .
 *(.data)
 *(.data*)
 .data.GPIO_Port
                0x20000000       0x20 ./Src/GPIO_prog.o
 .data.Global_u8IRVal
                0x20000020        0x1 ./Src/IR_Program.o
                0x20000020                Global_u8IRVal
 .data.SingleShot_Flag
                0x20000021        0x1 ./Src/SYSTIC_program.o
 *fill*         0x20000022        0x2 
 .data.PORTC    0x20000024        0x6 ./Src/SYS_init.o
                0x20000024                PORTC
 *fill*         0x2000002a        0x2 
 .data.SW_NEXT  0x2000002c        0x7 ./Src/SYS_init.o
                0x2000002c                SW_NEXT
 *fill*         0x20000033        0x1 
 .data.SW_PAUSE
                0x20000034        0x7 ./Src/SYS_init.o
                0x20000034                SW_PAUSE
 *fill*         0x2000003b        0x1 
 .data.SW_PREVIOUS
                0x2000003c        0x7 ./Src/SYS_init.o
                0x2000003c                SW_PREVIOUS
 *fill*         0x20000043        0x1 
 .data.NEXT_Line
                0x20000044        0x8 ./Src/SYS_init.o
                0x20000044                NEXT_Line
 .data.PAUSE_Line
                0x2000004c        0x8 ./Src/SYS_init.o
                0x2000004c                PAUSE_Line
 .data.PREVIOUS_Line
                0x20000054        0x8 ./Src/SYS_init.o
                0x20000054                PREVIOUS_Line
 .data.IR_PIN   0x2000005c        0x7 ./Src/SYS_init.o
                0x2000005c                IR_PIN
 *fill*         0x20000063        0x1 
 .data.IR_LINE  0x20000064        0x8 ./Src/SYS_init.o
                0x20000064                IR_LINE
 *(.RamFunc)
 *(.RamFunc*)
                0x2000006c                        . = ALIGN (0x4)
                0x2000006c                        _edata = .

.igot.plt       0x2000006c        0x0 load address 0x08009a2c
 .igot.plt      0x2000006c        0x0 /opt/st/stm32cubeide_1.19.0/plugins/com.st.stm32cube.ide.mcu.externaltools.gnu-tools-for-stm32.13.3.rel1.linux64_1.0.0.202410170706/tools/bin/../lib/gcc/arm-none-eabi/13.3.1/thumb/v7e-m/nofp/crtbegin.o
                0x2000006c                        . = ALIGN (0x4)

.bss            0x2000006c    0x14534 load address 0x08009a2c
                0x2000006c                        _sbss = .
                0x2000006c                        __bss_start__ = _sbss
 *(.bss)
 .bss           0x2000006c       0x1c /opt/st/stm32cubeide_1.19.0/plugins/com.st.stm32cube.ide.mcu.externaltools.gnu-tools-for-stm32.13.3.rel1.linux64_1.0.0.202410170706/tools/bin/../lib/gcc/arm-none-eabi/13.3.1/thumb/v7e-m/nofp/crtbegin.o
 *(.bss*)
 .bss.EXTI_CallBack
                0x20000088       0x40 ./Src/EXTI_program.o
 .bss.Global_u8StartFlag
                0x200000c8        0x1 ./Src/IR_Program.o
                0x200000c8                Global_u8StartFlag
 .bss.Global_u8Counter
                0x200000c9        0x1 ./Src/IR_Program.o
                0x200000c9                Global_u8Counter
 *fill*         0x200000ca        0x2 
 .bss.Global_u32IRDataArr
                0x200000cc       0x84 ./Src/IR_Program.o
                0x200000cc                Global_u32IRDataArr
 .bss.RCC_u8State
                0x20000150        0x1 ./Src/RCC_program.o
 *fill*         0x20000151        0x3 
 .bss.SYSTIC_CallBack
                0x20000154        0x4 ./Src/SYSTIC_program.o
 .bss.i_loop    0x20000158        0x4 ./Src/main.o
                0x20000158                i_loop
 .bss.End       0x2000015c        0x4 ./Src/main.o
                0x2000015c                End
 .bss.playing_now
                0x20000160        0x4 ./Src/main.o
                0x20000160                playing_now
 .bss.Playing_arr
                0x20000164    0x14438 ./Src/main.o
                0x20000164                Playing_arr
 .bss.playing_flag
                0x2001459c        0x4 ./Src/main.o
                0x2001459c                playing_flag
 *(COMMON)
                0x200145a0                        . = ALIGN (0x4)
                0x200145a0                        _ebss = .
                0x200145a0                        __bss_end__ = _ebss

._user_heap_stack
                0x200145a0      0x600 load address 0x08009a2c
                0x200145a0                        . = ALIGN (0x8)
                [!provide]                        PROVIDE (end = .)
                0x200145a0                        PROVIDE (_end = .)
                0x200147a0                        . = (. + _Min_Heap_Size)
 *fill*         0x200145a0      0x200 
                0x20014ba0                        . = (. + _Min_Stack_Size)
 *fill*         0x200147a0      0x400 
                0x20014ba0                        . = ALIGN (0x8)

/DISCARD/
 libc.a(*)
 libm.a(*)
 libgcc.a(*)

.ARM.attributes
                0x00000000       0x2a
 *(.ARM.attributes)
 .ARM.attributes
                0x00000000       0x1e /opt/st/stm32cubeide_1.19.0/plugins/com.st.stm32cube.ide.mcu.externaltools.gnu-tools-for-stm32.13.3.rel1.linux64_1.0.0.202410170706/tools/bin/../lib/gcc/arm-none-eabi/13.3.1/thumb/v7e-m/nofp/crti.o
 .ARM.attributes
                0x0000001e       0x2e /opt/st/stm32cubeide_1.19.0/plugins/com.st.stm32cube.ide.mcu.externaltools.gnu-tools-for-stm32.13.3.rel1.linux64_1.0.0.202410170706/tools/bin/../lib/gcc/arm-none-eabi/13.3.1/thumb/v7e-m/nofp/crtbegin.o
 .ARM.attributes
                0x0000004c       0x2e ./Src/EXTI_program.o
 .ARM.attributes
                0x0000007a       0x2e ./Src/GPIO_prog.o
 .ARM.attributes
                0x000000a8       0x2e ./Src/IR_Program.o
 .ARM.attributes
                0x000000d6       0x2e ./Src/NVIC_program.o
 .ARM.attributes
                0x00000104       0x2e ./Src/RCC_program.o
 .ARM.attributes
                0x00000132       0x2e ./Src/SYSCFG_program.o
 .ARM.attributes
                0x00000160       0x2e ./Src/SYSTIC_program.o
 .ARM.attributes
                0x0000018e       0x2e ./Src/SYS_init.o
 .ARM.attributes
                0x000001bc       0x2e ./Src/main.o
 .ARM.attributes
                0x000001ea       0x21 ./Startup/startup_stm32f446retx.o
 .ARM.attributes
                0x0000020b       0x2e /opt/st/stm32cubeide_1.19.0/plugins/com.st.stm32cube.ide.mcu.externaltools.gnu-tools-for-stm32.13.3.rel1.linux64_1.0.0.202410170706/tools/bin/../lib/gcc/arm-none-eabi/13.3.1/../../../../arm-none-eabi/lib/thumb/v7e-m/nofp/libc_nano.a(libc_a-init.o)
 .ARM.attributes
                0x00000239       0x2e /opt/st/stm32cubeide_1.19.0/plugins/com.st.stm32cube.ide.mcu.externaltools.gnu-tools-for-stm32.13.3.rel1.linux64_1.0.0.202410170706/tools/bin/../lib/gcc/arm-none-eabi/13.3.1/../../../../arm-none-eabi/lib/thumb/v7e-m/nofp/libc_nano.a(libc_a-memcpy-stub.o)
 .ARM.attributes
                0x00000267       0x1e /opt/st/stm32cubeide_1.19.0/plugins/com.st.stm32cube.ide.mcu.externaltools.gnu-tools-for-stm32.13.3.rel1.linux64_1.0.0.202410170706/tools/bin/../lib/gcc/arm-none-eabi/13.3.1/thumb/v7e-m/nofp/libgcc.a(_arm_addsubdf3.o)
 .ARM.attributes
                0x00000285       0x1e /opt/st/stm32cubeide_1.19.0/plugins/com.st.stm32cube.ide.mcu.externaltools.gnu-tools-for-stm32.13.3.rel1.linux64_1.0.0.202410170706/tools/bin/../lib/gcc/arm-none-eabi/13.3.1/thumb/v7e-m/nofp/libgcc.a(_arm_muldivdf3.o)
 .ARM.attributes
                0x000002a3       0x1e /opt/st/stm32cubeide_1.19.0/plugins/com.st.stm32cube.ide.mcu.externaltools.gnu-tools-for-stm32.13.3.rel1.linux64_1.0.0.202410170706/tools/bin/../lib/gcc/arm-none-eabi/13.3.1/thumb/v7e-m/nofp/libgcc.a(_arm_fixunsdfsi.o)
 .ARM.attributes
                0x000002c1       0x1e /opt/st/stm32cubeide_1.19.0/plugins/com.st.stm32cube.ide.mcu.externaltools.gnu-tools-for-stm32.13.3.rel1.linux64_1.0.0.202410170706/tools/bin/../lib/gcc/arm-none-eabi/13.3.1/thumb/v7e-m/nofp/crtn.o
OUTPUT(MP3_Project.elf elf32-littlearm)
LOAD linker stubs
LOAD /opt/st/stm32cubeide_1.19.0/plugins/com.st.stm32cube.ide.mcu.externaltools.gnu-tools-for-stm32.13.3.rel1.linux64_1.0.0.202410170706/tools/bin/../lib/gcc/arm-none-eabi/13.3.1/../../../../arm-none-eabi/lib/thumb/v7e-m/nofp/libc.a
LOAD /opt/st/stm32cubeide_1.19.0/plugins/com.st.stm32cube.ide.mcu.externaltools.gnu-tools-for-stm32.13.3.rel1.linux64_1.0.0.202410170706/tools/bin/../lib/gcc/arm-none-eabi/13.3.1/../../../../arm-none-eabi/lib/thumb/v7e-m/nofp/libm.a
LOAD /opt/st/stm32cubeide_1.19.0/plugins/com.st.stm32cube.ide.mcu.externaltools.gnu-tools-for-stm32.13.3.rel1.linux64_1.0.0.202410170706/tools/bin/../lib/gcc/arm-none-eabi/13.3.1/thumb/v7e-m/nofp/libgcc.a

.debug_info     0x00000000     0x35a4
 .debug_info    0x00000000      0x456 ./Src/EXTI_program.o
 .debug_info    0x00000456      0xf11 ./Src/GPIO_prog.o
 .debug_info    0x00001367      0x2ec ./Src/IR_Program.o
 .debug_info    0x00001653      0x4e3 ./Src/NVIC_program.o
 .debug_info    0x00001b36      0x64c ./Src/RCC_program.o
 .debug_info    0x00002182      0x22b ./Src/SYSCFG_program.o
 .debug_info    0x000023ad      0x37f ./Src/SYSTIC_program.o
 .debug_info    0x0000272c      0x99d ./Src/SYS_init.o
 .debug_info    0x000030c9      0x4ab ./Src/main.o
 .debug_info    0x00003574       0x30 ./Startup/startup_stm32f446retx.o

.debug_abbrev   0x00000000      0xca1
 .debug_abbrev  0x00000000      0x16d ./Src/EXTI_program.o
 .debug_abbrev  0x0000016d      0x1b8 ./Src/GPIO_prog.o
 .debug_abbrev  0x00000325      0x13a ./Src/IR_Program.o
 .debug_abbrev  0x0000045f      0x134 ./Src/NVIC_program.o
 .debug_abbrev  0x00000593      0x1a4 ./Src/RCC_program.o
 .debug_abbrev  0x00000737       0xdf ./Src/SYSCFG_program.o
 .debug_abbrev  0x00000816      0x17b ./Src/SYSTIC_program.o
 .debug_abbrev  0x00000991      0x13b ./Src/SYS_init.o
 .debug_abbrev  0x00000acc      0x1b1 ./Src/main.o
 .debug_abbrev  0x00000c7d       0x24 ./Startup/startup_stm32f446retx.o

.debug_aranges  0x00000000      0x340
 .debug_aranges
                0x00000000       0x88 ./Src/EXTI_program.o
 .debug_aranges
                0x00000088       0xe0 ./Src/GPIO_prog.o
 .debug_aranges
                0x00000168       0x28 ./Src/IR_Program.o
 .debug_aranges
                0x00000190       0x48 ./Src/NVIC_program.o
 .debug_aranges
                0x000001d8       0x58 ./Src/RCC_program.o
 .debug_aranges
                0x00000230       0x20 ./Src/SYSCFG_program.o
 .debug_aranges
                0x00000250       0x70 ./Src/SYSTIC_program.o
 .debug_aranges
                0x000002c0       0x20 ./Src/SYS_init.o
 .debug_aranges
                0x000002e0       0x38 ./Src/main.o
 .debug_aranges
                0x00000318       0x28 ./Startup/startup_stm32f446retx.o

.debug_rnglists
                0x00000000      0x258
 .debug_rnglists
                0x00000000       0x65 ./Src/EXTI_program.o
 .debug_rnglists
                0x00000065       0xad ./Src/GPIO_prog.o
 .debug_rnglists
                0x00000112       0x1a ./Src/IR_Program.o
 .debug_rnglists
                0x0000012c       0x31 ./Src/NVIC_program.o
 .debug_rnglists
                0x0000015d       0x42 ./Src/RCC_program.o
 .debug_rnglists
                0x0000019f       0x13 ./Src/SYSCFG_program.o
 .debug_rnglists
                0x000001b2       0x51 ./Src/SYSTIC_program.o
 .debug_rnglists
                0x00000203       0x14 ./Src/SYS_init.o
 .debug_rnglists
                0x00000217       0x28 ./Src/main.o
 .debug_rnglists
                0x0000023f       0x19 ./Startup/startup_stm32f446retx.o

.debug_macro    0x00000000     0x264b
 .debug_macro   0x00000000       0xa0 ./Src/EXTI_program.o
 .debug_macro   0x000000a0      0xad8 ./Src/EXTI_program.o
 .debug_macro   0x00000b78       0x22 ./Src/EXTI_program.o
 .debug_macro   0x00000b9a       0x8e ./Src/EXTI_program.o
 .debug_macro   0x00000c28       0x51 ./Src/EXTI_program.o
 .debug_macro   0x00000c79      0x103 ./Src/EXTI_program.o
 .debug_macro   0x00000d7c       0x6a ./Src/EXTI_program.o
 .debug_macro   0x00000de6      0x1df ./Src/EXTI_program.o
 .debug_macro   0x00000fc5       0xe9 ./Src/EXTI_program.o
 .debug_macro   0x000010ae       0x28 ./Src/EXTI_program.o
 .debug_macro   0x000010d6       0x46 ./Src/EXTI_program.o
 .debug_macro   0x0000111c       0x9b ./Src/GPIO_prog.o
 .debug_macro   0x000011b7       0x58 ./Src/GPIO_prog.o
 .debug_macro   0x0000120f       0x8a ./Src/IR_Program.o
 .debug_macro   0x00001299       0x93 ./Src/NVIC_program.o
 .debug_macro   0x0000132c       0xa4 ./Src/RCC_program.o
 .debug_macro   0x000013d0       0x20 ./Src/RCC_program.o
 .debug_macro   0x000013f0       0x28 ./Src/RCC_program.o
 .debug_macro   0x00001418       0x9f ./Src/SYSCFG_program.o
 .debug_macro   0x000014b7       0x16 ./Src/SYSCFG_program.o
 .debug_macro   0x000014cd       0x95 ./Src/SYSTIC_program.o
 .debug_macro   0x00001562       0x28 ./Src/SYSTIC_program.o
 .debug_macro   0x0000158a       0x40 ./Src/SYSTIC_program.o
 .debug_macro   0x000015ca      0x1aa ./Src/SYS_init.o
 .debug_macro   0x00001774       0x61 ./Src/SYS_init.o
 .debug_macro   0x000017d5       0x24 ./Src/SYS_init.o
 .debug_macro   0x000017f9       0x43 ./Src/SYS_init.o
 .debug_macro   0x0000183c       0x34 ./Src/SYS_init.o
 .debug_macro   0x00001870      0x190 ./Src/SYS_init.o
 .debug_macro   0x00001a00      0x370 ./Src/SYS_init.o
 .debug_macro   0x00001d70       0x16 ./Src/SYS_init.o
 .debug_macro   0x00001d86       0x4a ./Src/SYS_init.o
 .debug_macro   0x00001dd0       0x34 ./Src/SYS_init.o
 .debug_macro   0x00001e04       0x10 ./Src/SYS_init.o
 .debug_macro   0x00001e14       0x58 ./Src/SYS_init.o
 .debug_macro   0x00001e6c       0x8e ./Src/SYS_init.o
 .debug_macro   0x00001efa       0x1c ./Src/SYS_init.o
 .debug_macro   0x00001f16      0x185 ./Src/SYS_init.o
 .debug_macro   0x0000209b       0x10 ./Src/SYS_init.o
 .debug_macro   0x000020ab       0x3c ./Src/SYS_init.o
 .debug_macro   0x000020e7       0x20 ./Src/SYS_init.o
 .debug_macro   0x00002107      0x1e6 ./Src/main.o
 .debug_macro   0x000022ed       0x16 ./Src/main.o
 .debug_macro   0x00002303       0x9e ./Src/main.o
 .debug_macro   0x000023a1      0x112 ./Src/main.o
 .debug_macro   0x000024b3       0x10 ./Src/main.o
 .debug_macro   0x000024c3       0x16 ./Src/main.o
 .debug_macro   0x000024d9       0x16 ./Src/main.o
 .debug_macro   0x000024ef      0x146 ./Src/main.o
 .debug_macro   0x00002635       0x16 ./Src/main.o

.debug_line     0x00000000     0x3ce2
 .debug_line    0x00000000      0x897 ./Src/EXTI_program.o
 .debug_line    0x00000897      0xc9b ./Src/GPIO_prog.o
 .debug_line    0x00001532      0x464 ./Src/IR_Program.o
 .debug_line    0x00001996      0x4c3 ./Src/NVIC_program.o
 .debug_line    0x00001e59      0x7a1 ./Src/RCC_program.o
 .debug_line    0x000025fa      0x40a ./Src/SYSCFG_program.o
 .debug_line    0x00002a04      0x5fd ./Src/SYSTIC_program.o
 .debug_line    0x00003001      0x58e ./Src/SYS_init.o
 .debug_line    0x0000358f      0x6d8 ./Src/main.o
 .debug_line    0x00003c67       0x7b ./Startup/startup_stm32f446retx.o

.debug_str      0x00000000     0x9cfc
 .debug_str     0x00000000     0x9cfc ./Src/EXTI_program.o
                               0x47db (size before relaxing)
 .debug_str     0x00009cfc     0x4d3b ./Src/GPIO_prog.o
 .debug_str     0x00009cfc     0x40c1 ./Src/IR_Program.o
 .debug_str     0x00009cfc     0x47b2 ./Src/NVIC_program.o
 .debug_str     0x00009cfc     0x4a36 ./Src/RCC_program.o
 .debug_str     0x00009cfc     0x46ce ./Src/SYSCFG_program.o
 .debug_str     0x00009cfc     0x4669 ./Src/SYSTIC_program.o
 .debug_str     0x00009cfc     0x871b ./Src/SYS_init.o
 .debug_str     0x00009cfc     0x845c ./Src/main.o
 .debug_str     0x00009cfc       0xb0 ./Startup/startup_stm32f446retx.o

.comment        0x00000000       0x43
 .comment       0x00000000       0x43 ./Src/EXTI_program.o
                                 0x44 (size before relaxing)
 .comment       0x00000043       0x44 ./Src/GPIO_prog.o
 .comment       0x00000043       0x44 ./Src/IR_Program.o
 .comment       0x00000043       0x44 ./Src/NVIC_program.o
 .comment       0x00000043       0x44 ./Src/RCC_program.o
 .comment       0x00000043       0x44 ./Src/SYSCFG_program.o
 .comment       0x00000043       0x44 ./Src/SYSTIC_program.o
 .comment       0x00000043       0x44 ./Src/SYS_init.o
 .comment       0x00000043       0x44 ./Src/main.o

.debug_frame    0x00000000      0xc4c
 .debug_frame   0x00000000      0x1ec ./Src/EXTI_program.o
 .debug_frame   0x000001ec      0x3e0 ./Src/GPIO_prog.o
 .debug_frame   0x000005cc       0x50 ./Src/IR_Program.o
 .debug_frame   0x0000061c      0x100 ./Src/NVIC_program.o
 .debug_frame   0x0000071c      0x150 ./Src/RCC_program.o
 .debug_frame   0x0000086c       0x38 ./Src/SYSCFG_program.o
 .debug_frame   0x000008a4      0x184 ./Src/SYSTIC_program.o
 .debug_frame   0x00000a28       0x2c ./Src/SYS_init.o
 .debug_frame   0x00000a54       0x84 ./Src/main.o
 .debug_frame   0x00000ad8       0x2c /opt/st/stm32cubeide_1.19.0/plugins/com.st.stm32cube.ide.mcu.externaltools.gnu-tools-for-stm32.13.3.rel1.linux64_1.0.0.202410170706/tools/bin/../lib/gcc/arm-none-eabi/13.3.1/../../../../arm-none-eabi/lib/thumb/v7e-m/nofp/libc_nano.a(libc_a-init.o)
 .debug_frame   0x00000b04       0x28 /opt/st/stm32cubeide_1.19.0/plugins/com.st.stm32cube.ide.mcu.externaltools.gnu-tools-for-stm32.13.3.rel1.linux64_1.0.0.202410170706/tools/bin/../lib/gcc/arm-none-eabi/13.3.1/../../../../arm-none-eabi/lib/thumb/v7e-m/nofp/libc_nano.a(libc_a-memcpy-stub.o)
 .debug_frame   0x00000b2c       0xac /opt/st/stm32cubeide_1.19.0/plugins/com.st.stm32cube.ide.mcu.externaltools.gnu-tools-for-stm32.13.3.rel1.linux64_1.0.0.202410170706/tools/bin/../lib/gcc/arm-none-eabi/13.3.1/thumb/v7e-m/nofp/libgcc.a(_arm_addsubdf3.o)
 .debug_frame   0x00000bd8       0x50 /opt/st/stm32cubeide_1.19.0/plugins/com.st.stm32cube.ide.mcu.externaltools.gnu-tools-for-stm32.13.3.rel1.linux64_1.0.0.202410170706/tools/bin/../lib/gcc/arm-none-eabi/13.3.1/thumb/v7e-m/nofp/libgcc.a(_arm_muldivdf3.o)
 .debug_frame   0x00000c28       0x24 /opt/st/stm32cubeide_1.19.0/plugins/com.st.stm32cube.ide.mcu.externaltools.gnu-tools-for-stm32.13.3.rel1.linux64_1.0.0.202410170706/tools/bin/../lib/gcc/arm-none-eabi/13.3.1/thumb/v7e-m/nofp/libgcc.a(_arm_fixunsdfsi.o)

.debug_line_str
                0x00000000       0x94
 .debug_line_str
                0x00000000       0x94 ./Startup/startup_stm32f446retx.o
