Archive member included to satisfy reference by file (symbol)

/opt/st/stm32cubeide_1.19.0/plugins/com.st.stm32cube.ide.mcu.externaltools.gnu-tools-for-stm32.13.3.rel1.linux64_1.0.0.202410170706/tools/bin/../lib/gcc/arm-none-eabi/13.3.1/../../../../arm-none-eabi/lib/thumb/v7e-m/nofp/libc_nano.a(libc_a-exit.o)
                              /opt/st/stm32cubeide_1.19.0/plugins/com.st.stm32cube.ide.mcu.externaltools.gnu-tools-for-stm32.13.3.rel1.linux64_1.0.0.202410170706/tools/bin/../lib/gcc/arm-none-eabi/13.3.1/../../../../arm-none-eabi/lib/thumb/v7e-m/nofp/crt0.o (exit)
/opt/st/stm32cubeide_1.19.0/plugins/com.st.stm32cube.ide.mcu.externaltools.gnu-tools-for-stm32.13.3.rel1.linux64_1.0.0.202410170706/tools/bin/../lib/gcc/arm-none-eabi/13.3.1/../../../../arm-none-eabi/lib/thumb/v7e-m/nofp/libc_nano.a(libc_a-findfp.o)
                              /opt/st/stm32cubeide_1.19.0/plugins/com.st.stm32cube.ide.mcu.externaltools.gnu-tools-for-stm32.13.3.rel1.linux64_1.0.0.202410170706/tools/bin/../lib/gcc/arm-none-eabi/13.3.1/../../../../arm-none-eabi/lib/thumb/v7e-m/nofp/libc_nano.a(libc_a-exit.o) (__stdio_exit_handler)
/opt/st/stm32cubeide_1.19.0/plugins/com.st.stm32cube.ide.mcu.externaltools.gnu-tools-for-stm32.13.3.rel1.linux64_1.0.0.202410170706/tools/bin/../lib/gcc/arm-none-eabi/13.3.1/../../../../arm-none-eabi/lib/thumb/v7e-m/nofp/libc_nano.a(libc_a-fwalk.o)
                              /opt/st/stm32cubeide_1.19.0/plugins/com.st.stm32cube.ide.mcu.externaltools.gnu-tools-for-stm32.13.3.rel1.linux64_1.0.0.202410170706/tools/bin/../lib/gcc/arm-none-eabi/13.3.1/../../../../arm-none-eabi/lib/thumb/v7e-m/nofp/libc_nano.a(libc_a-findfp.o) (_fwalk_sglue)
/opt/st/stm32cubeide_1.19.0/plugins/com.st.stm32cube.ide.mcu.externaltools.gnu-tools-for-stm32.13.3.rel1.linux64_1.0.0.202410170706/tools/bin/../lib/gcc/arm-none-eabi/13.3.1/../../../../arm-none-eabi/lib/thumb/v7e-m/nofp/libc_nano.a(libc_a-stdio.o)
                              /opt/st/stm32cubeide_1.19.0/plugins/com.st.stm32cube.ide.mcu.externaltools.gnu-tools-for-stm32.13.3.rel1.linux64_1.0.0.202410170706/tools/bin/../lib/gcc/arm-none-eabi/13.3.1/../../../../arm-none-eabi/lib/thumb/v7e-m/nofp/libc_nano.a(libc_a-findfp.o) (__sread)
/opt/st/stm32cubeide_1.19.0/plugins/com.st.stm32cube.ide.mcu.externaltools.gnu-tools-for-stm32.13.3.rel1.linux64_1.0.0.202410170706/tools/bin/../lib/gcc/arm-none-eabi/13.3.1/../../../../arm-none-eabi/lib/thumb/v7e-m/nofp/libc_nano.a(libc_a-memset.o)
                              /opt/st/stm32cubeide_1.19.0/plugins/com.st.stm32cube.ide.mcu.externaltools.gnu-tools-for-stm32.13.3.rel1.linux64_1.0.0.202410170706/tools/bin/../lib/gcc/arm-none-eabi/13.3.1/../../../../arm-none-eabi/lib/thumb/v7e-m/nofp/crt0.o (memset)
/opt/st/stm32cubeide_1.19.0/plugins/com.st.stm32cube.ide.mcu.externaltools.gnu-tools-for-stm32.13.3.rel1.linux64_1.0.0.202410170706/tools/bin/../lib/gcc/arm-none-eabi/13.3.1/../../../../arm-none-eabi/lib/thumb/v7e-m/nofp/libc_nano.a(libc_a-closer.o)
                              /opt/st/stm32cubeide_1.19.0/plugins/com.st.stm32cube.ide.mcu.externaltools.gnu-tools-for-stm32.13.3.rel1.linux64_1.0.0.202410170706/tools/bin/../lib/gcc/arm-none-eabi/13.3.1/../../../../arm-none-eabi/lib/thumb/v7e-m/nofp/libc_nano.a(libc_a-stdio.o) (_close_r)
/opt/st/stm32cubeide_1.19.0/plugins/com.st.stm32cube.ide.mcu.externaltools.gnu-tools-for-stm32.13.3.rel1.linux64_1.0.0.202410170706/tools/bin/../lib/gcc/arm-none-eabi/13.3.1/../../../../arm-none-eabi/lib/thumb/v7e-m/nofp/libc_nano.a(libc_a-reent.o)
                              /opt/st/stm32cubeide_1.19.0/plugins/com.st.stm32cube.ide.mcu.externaltools.gnu-tools-for-stm32.13.3.rel1.linux64_1.0.0.202410170706/tools/bin/../lib/gcc/arm-none-eabi/13.3.1/../../../../arm-none-eabi/lib/thumb/v7e-m/nofp/libc_nano.a(libc_a-closer.o) (errno)
/opt/st/stm32cubeide_1.19.0/plugins/com.st.stm32cube.ide.mcu.externaltools.gnu-tools-for-stm32.13.3.rel1.linux64_1.0.0.202410170706/tools/bin/../lib/gcc/arm-none-eabi/13.3.1/../../../../arm-none-eabi/lib/thumb/v7e-m/nofp/libc_nano.a(libc_a-impure.o)
                              /opt/st/stm32cubeide_1.19.0/plugins/com.st.stm32cube.ide.mcu.externaltools.gnu-tools-for-stm32.13.3.rel1.linux64_1.0.0.202410170706/tools/bin/../lib/gcc/arm-none-eabi/13.3.1/../../../../arm-none-eabi/lib/thumb/v7e-m/nofp/libc_nano.a(libc_a-reent.o) (_impure_ptr)
/opt/st/stm32cubeide_1.19.0/plugins/com.st.stm32cube.ide.mcu.externaltools.gnu-tools-for-stm32.13.3.rel1.linux64_1.0.0.202410170706/tools/bin/../lib/gcc/arm-none-eabi/13.3.1/../../../../arm-none-eabi/lib/thumb/v7e-m/nofp/libc_nano.a(libc_a-lseekr.o)
                              /opt/st/stm32cubeide_1.19.0/plugins/com.st.stm32cube.ide.mcu.externaltools.gnu-tools-for-stm32.13.3.rel1.linux64_1.0.0.202410170706/tools/bin/../lib/gcc/arm-none-eabi/13.3.1/../../../../arm-none-eabi/lib/thumb/v7e-m/nofp/libc_nano.a(libc_a-stdio.o) (_lseek_r)
[...]
Memory Configuration

Name             Origin             Length             Attributes
RAM              0x20000000         0x00010000         xrw
FLASH            0x08000000         0x00040000         xr
*default*        0x00000000         0xffffffff

Linker script and memory map

LOAD /opt/st/stm32cubeide_1.19.0/plugins/com.st.stm32cube.ide.mcu.externaltools.gnu-tools-for-stm32.13.3.rel1.linux64_1.0.0.202410170706/tools/bin/../lib/gcc/arm-none-eabi/13.3.1/thumb/v7e-m/nofp/crti.o
LOAD /opt/st/stm32cubeide_1.19.0/plugins/com.st.stm32cube.ide.mcu.externaltools.gnu-tools-for-stm32.13.3.rel1.linux64_1.0.0.202410170706/tools/bin/../lib/gcc/arm-none-eabi/13.3.1/thumb/v7e-m/nofp/crtbegin.o
LOAD /opt/st/stm32cubeide_1.19.0/plugins/com.st.stm32cube.ide.mcu.externaltools.gnu-tools-for-stm32.13.3.rel1.linux64_1.0.0.202410170706/tools/bin/../lib/gcc/arm-none-eabi/13.3.1/../../../../arm-none-eabi/lib/thumb/v7e-m/nofp/crt0.o
LOAD ./Src/GPIO_prog.o
LOAD ./Src/NVIC_program.o
LOAD ./Src/RCC_program.o
LOAD ./Src/SPI_program.o
LOAD ./Src/SYSCFG_program.o
LOAD ./Src/SYSTIC_program.o
LOAD ./Src/SYS_init.o
LOAD ./Src/TFT_program.o
LOAD ./Src/USART_program.o
LOAD ./Src/main.o
LOAD ./Src/syscalls.o
LOAD ./Src/sysmem.o
LOAD ./Startup/startup_stm32f401ccux.o
START GROUP
LOAD /opt/st/stm32cubeide_1.19.0/plugins/com.st.stm32cube.ide.mcu.externaltools.gnu-tools-for-stm32.13.3.rel1.linux64_1.0.0.202410170706/tools/bin/../lib/gcc/arm-none-eabi/13.3.1/../../../../arm-none-eabi/lib/thumb/v7e-m/nofp/libc_nano.a
LOAD /opt/st/stm32cubeide_1.19.0/plugins/com.st.stm32cube.ide.mcu.externaltools.gnu-tools-for-stm32.13.3.rel1.linux64_1.0.0.202410170706/tools/bin/../lib/gcc/arm-none-eabi/13.3.1/../../../../arm-none-eabi/lib/thumb/v7e-m/nofp/libm.a
END GROUP
START GROUP
LOAD /opt/st/stm32cubeide_1.19.0/plugins/com.st.stm32cube.ide.mcu.externaltools.gnu-tools-for-stm32.13.3.rel1.linux64_1.0.0.202410170706/tools/bin/../lib/gcc/arm-none-eabi/13.3.1/thumb/v7e-m/nofp/libgcc.a
LOAD /opt/st/stm32cubeide_1.19.0/plugins/com.st.stm32cube.ide.mcu.externaltools.gnu-tools-for-stm32.13.3.rel1.linux64_1.0.0.202410170706/tools/bin/../lib/gcc/arm-none-eabi/13.3.1/../../../../arm-none-eabi/lib/thumb/v7e-m/nofp/libc_nano.a
END GROUP
START GROUP
LOAD /opt/st/stm32cubeide_1.19.0/plugins/com.st.stm32cube.ide.mcu.externaltools.gnu-tools-for-stm32.13.3.rel1.linux64_1.0.0.202410170706/tools/bin/../lib/gcc/arm-none-eabi/13.3.1/thumb/v7e-m/nofp/libgcc.a
LOAD /opt/st/stm32cubeide_1.19.0/plugins/com.st.stm32cube.ide.mcu.externaltools.gnu-tools-for-stm32.13.3.rel1.linux64_1.0.0.202410170706/tools/bin/../lib/gcc/arm-none-eabi/13.3.1/../../../../arm-none-eabi/lib/thumb/v7e-m/nofp/libc_nano.a
LOAD /opt/st/stm32cubeide_1.19.0/plugins/com.st.stm32cube.ide.mcu.externaltools.gnu-tools-for-stm32.13.3.rel1.linux64_1.0.0.202410170706/tools/bin/../lib/gcc/arm-none-eabi/13.3.1/../../../../arm-none-eabi/lib/thumb/v7e-m/nofp/libnosys.a
END GROUP
START GROUP
LOAD /opt/st/stm32cubeide_1.19.0/plugins/com.st.stm32cube.ide.mcu.externaltools.gnu-tools-for-stm32.13.3.rel1.linux64_1.0.0.202410170706/tools/bin/../lib/gcc/arm-none-eabi/13.3.1/thumb/v7e-m/nofp/libgcc.a
LOAD /opt/st/stm32cubeide_1.19.0/plugins/com.st.stm32cube.ide.mcu.externaltools.gnu-tools-for-stm32.13.3.rel1.linux64_1.0.0.202410170706/tools/bin/../lib/gcc/arm-none-eabi/13.3.1/../../../../arm-none-eabi/lib/thumb/v7e-m/nofp/libc_nano.a
LOAD /opt/st/stm32cubeide_1.19.0/plugins/com.st.stm32cube.ide.mcu.externaltools.gnu-tools-for-stm32.13.3.rel1.linux64_1.0.0.202410170706/tools/bin/../lib/gcc/arm-none-eabi/13.3.1/../../../../arm-none-eabi/lib/thumb/v7e-m/nofp/libnosys.a
END GROUP
LOAD /opt/st/stm32cubeide_1.19.0/plugins/com.st.stm32cube.ide.mcu.externaltools.gnu-tools-for-stm32.13.3.rel1.linux64_1.0.0.202410170706/tools/bin/../lib/gcc/arm-none-eabi/13.3.1/thumb/v7e-m/nofp/crtend.o
LOAD /opt/st/stm32cubeide_1.19.0/plugins/com.st.stm32cube.ide.mcu.externaltools.gnu-tools-for-stm32.13.3.rel1.linux64_1.0.0.202410170706/tools/bin/../lib/gcc/arm-none-eabi/13.3.1/thumb/v7e-m/nofp/crtn.o
                0x20010000                        _estack = (ORIGIN (RAM) + LENGTH (RAM))
                0x00000200                        _Min_Heap_Size = 0x200
                0x00000400                        _Min_Stack_Size = 0x400

.isr_vector     0x08000000      0x194
                0x08000000                        . = ALIGN (0x4)
 *(.isr_vector)
 .isr_vector    0x08000000      0x194 ./Startup/startup_stm32f401ccux.o
                0x08000000                g_pfnVectors
                0x08000194                        . = ALIGN (0x4)

.text           0x08000198     0x2150
                0x08000198                        . = ALIGN (0x4)
 *(.text)
 .text          0x08000198       0x40 /opt/st/stm32cubeide_1.19.0/plugins/com.st.stm32cube.ide.mcu.externaltools.gnu-tools-for-stm32.13.3.rel1.linux64_1.0.0.202410170706/tools/bin/../lib/gcc/arm-none-eabi/13.3.1/thumb/v7e-m/nofp/crtbegin.o
 .text          0x080001d8      0x378 /opt/st/stm32cubeide_1.19.0/plugins/com.st.stm32cube.ide.mcu.externaltools.gnu-tools-for-stm32.13.3.rel1.linux64_1.0.0.202410170706/tools/bin/../lib/gcc/arm-none-eabi/13.3.1/thumb/v7e-m/nofp/libgcc.a(_arm_addsubdf3.o)
                0x080001d8                __aeabi_drsub
                0x080001e0                __aeabi_dsub
                0x080001e0                __subdf3
                0x080001e4                __adddf3
                0x080001e4                __aeabi_dadd
                0x0800045c                __aeabi_ui2d
                0x0800045c                __floatunsidf
                0x0800047c                __floatsidf
                0x0800047c                __aeabi_i2d
                0x080004a0                __extendsfdf2
                0x080004a0                __aeabi_f2d
                0x080004e4                __aeabi_ul2d
                0x080004e4                __floatundidf
                0x080004f4                __floatdidf
                0x080004f4                __aeabi_l2d
 .text          0x08000550      0x424 /opt/st/stm32cubeide_1.19.0/plugins/com.st.stm32cube.ide.mcu.externaltools.gnu-tools-for-stm32.13.3.rel1.linux64_1.0.0.202410170706/tools/bin/../lib/gcc/arm-none-eabi/13.3.1/thumb/v7e-m/nofp/libgcc.a(_arm_muldivdf3.o)
                0x08000550                __aeabi_dmul
                0x08000550                __muldf3
                0x080007a4                __aeabi_ddiv
                0x080007a4                __divdf3
 .text          0x08000974       0x40 /opt/st/stm32cubeide_1.19.0/plugins/com.st.stm32cube.ide.mcu.externaltools.gnu-tools-for-stm32.13.3.rel1.linux64_1.0.0.202410170706/tools/bin/../lib/gcc/arm-none-eabi/13.3.1/thumb/v7e-m/nofp/libgcc.a(_arm_fixunsdfsi.o)
                0x08000974                __fixunsdfsi
                0x08000974                __aeabi_d2uiz
 .text          0x080009b4      0x21c /opt/st/stm32cubeide_1.19.0/plugins/com.st.stm32cube.ide.mcu.externaltools.gnu-tools-for-stm32.13.3.rel1.linux64_1.0.0.202410170706/tools/bin/../lib/gcc/arm-none-eabi/13.3.1/thumb/v7e-m/nofp/libgcc.a(_arm_addsubsf3.o)
                0x080009b4                __aeabi_frsub
                0x080009bc                __subsf3
                0x080009bc                __aeabi_fsub
                0x080009c0                __aeabi_fadd
                0x080009c0                __addsf3
                0x08000b20                __aeabi_ui2f
                0x08000b20                __floatunsisf
                0x08000b28                __aeabi_i2f
                0x08000b28                __floatsisf
                0x08000b44                __floatundisf
                0x08000b44                __aeabi_ul2f
                0x08000b54                __floatdisf
                0x08000b54                __aeabi_l2f
 .text          0x08000bd0      0x2a0 /opt/st/stm32cubeide_1.19.0/plugins/com.st.stm32cube.ide.mcu.externaltools.gnu-tools-for-stm32.13.3.rel1.linux64_1.0.0.202410170706/tools/bin/../lib/gcc/arm-none-eabi/13.3.1/thumb/v7e-m/nofp/libgcc.a(_arm_muldivsf3.o)
                0x08000bd0                __mulsf3
                0x08000bd0                __aeabi_fmul
                0x08000d38                __divsf3
                0x08000d38                __aeabi_fdiv
 .text          0x08000e70       0x40 /opt/st/stm32cubeide_1.19.0/plugins/com.st.stm32cube.ide.mcu.externaltools.gnu-tools-for-stm32.13.3.rel1.linux64_1.0.0.202410170706/tools/bin/../lib/gcc/arm-none-eabi/13.3.1/thumb/v7e-m/nofp/libgcc.a(_arm_fixunssfsi.o)
                0x08000e70                __aeabi_f2uiz
                0x08000e70                __fixunssfsi
 *(.text*)
 .text.GPIO_enumPinInit
                0x08000eb0      0x2ac ./Src/GPIO_prog.o
                0x08000eb0                GPIO_enumPinInit
 .text.GPIO_enumWritePinVal
                0x0800115c       0x80 ./Src/GPIO_prog.o
                0x0800115c                GPIO_enumWritePinVal
 .text.NVIC_vEnableIRQ
                0x080011dc       0x44 ./Src/NVIC_program.o
                0x080011dc                NVIC_vEnableIRQ
 .text.RCC_enumAHPPerSts
                0x08001220      0x110 ./Src/RCC_program.o
                0x08001220                RCC_enumAHPPerSts
 .text.RCC_enumABPPerSts
                0x08001330       0xcc ./Src/RCC_program.o
                0x08001330                RCC_enumABPPerSts
 .text.SPI_enumInit
                0x080013fc      0x278 ./Src/SPI_program.o
                0x080013fc                SPI_enumInit
 .text.SPI_enumTransmit
                0x08001674       0xa0 ./Src/SPI_program.o
                0x08001674                SPI_enumTransmit
 .text.SYSTIC_vInit
                0x08001714       0x28 ./Src/SYSTIC_program.o
                0x08001714                SYSTIC_vInit
 .text.SYSTIC_vDisable
                0x0800173c       0x1c ./Src/SYSTIC_program.o
 .text.SYSTIC_vEnable
                0x08001758       0x1c ./Src/SYSTIC_program.o
 .text.SYSTIC_vWait
                0x08001774       0x20 ./Src/SYSTIC_program.o
 .text.SYSTIC_vDelayMs
                0x08001794       0xac ./Src/SYSTIC_program.o
                0x08001794                SYSTIC_vDelayMs
 .text.SYSTIC_vDelayUs
                0x08001840       0xb4 ./Src/SYSTIC_program.o
                0x08001840                SYSTIC_vDelayUs
 .text.SYS_vinit
                0x080018f4       0x88 ./Src/SYS_init.o
                0x080018f4                SYS_vinit
 .text.HTFT_vinit
                0x0800197c       0x9c ./Src/TFT_program.o
                0x0800197c                HTFT_vinit
 .text.HTFT_vSendCmd
                0x08001a18       0x2a ./Src/TFT_program.o
                0x08001a18                HTFT_vSendCmd
 .text.HTFT_vSendData
                0x08001a42       0x2a ./Src/TFT_program.o
                0x08001a42                HTFT_vSendData
 .text.HTFT_vDisplay
                0x08001a6c       0xb0 ./Src/TFT_program.o
                0x08001a6c                HTFT_vDisplay
 *fill*         0x08001b1c        0x4 
 .text.USART_InitIT
                0x08001b20      0x4ec ./Src/USART_program.o
                0x08001b20                USART_InitIT
 .text.USART_enumReceive
                0x0800200c       0x98 ./Src/USART_program.o
                0x0800200c                USART_enumReceive
 .text.USART1_IRQHandler
                0x080020a4       0x1c ./Src/USART_program.o
                0x080020a4                USART1_IRQHandler
 .text.USART2_IRQHandler
                0x080020c0       0x1c ./Src/USART_program.o
                0x080020c0                USART2_IRQHandler
 .text.USART6_IRQHandler
                0x080020dc       0x1c ./Src/USART_program.o
                0x080020dc                USART6_IRQHandler
 .text.main     0x080020f8      0x110 ./Src/main.o
                0x080020f8                main
 .text.USART_RXCMP
                0x08002208       0x2c ./Src/main.o
                0x08002208                USART_RXCMP
 .text.Reset_Handler
                0x08002234       0x50 ./Startup/startup_stm32f401ccux.o
                0x08002234                Reset_Handler
 .text.Default_Handler
                0x08002284        0x2 ./Startup/startup_stm32f401ccux.o
                0x08002284                EXTI2_IRQHandler
                0x08002284                DebugMon_Handler
                0x08002284                SPI4_IRQHandler
                0x08002284                TIM1_CC_IRQHandler
                0x08002284                DMA2_Stream5_IRQHandler
                0x08002284                HardFault_Handler
                0x08002284                DMA1_Stream5_IRQHandler
                0x08002284                SysTick_Handler
                0x08002284                SDIO_IRQHandler
                0x08002284                TAMP_STAMP_IRQHandler
                0x08002284                PendSV_Handler
                0x08002284                NMI_Handler
                0x08002284                EXTI3_IRQHandler
                0x08002284                TIM1_UP_TIM10_IRQHandler
                0x08002284                I2C3_ER_IRQHandler
                0x08002284                EXTI18_OTG_FS_WKUP_IRQHandler
                0x08002284                EXTI0_IRQHandler
                0x08002284                I2C2_EV_IRQHandler
                0x08002284                DMA1_Stream2_IRQHandler
                0x08002284                UsageFault_Handler
                0x08002284                DMA2_Stream2_IRQHandler
                0x08002284                SPI1_IRQHandler
                0x08002284                TIM1_BRK_TIM9_IRQHandler
                0x08002284                DMA2_Stream3_IRQHandler
                0x08002284                DMA2_Stream0_IRQHandler
                0x08002284                TIM4_IRQHandler
                0x08002284                I2C1_EV_IRQHandler
                0x08002284                DMA1_Stream6_IRQHandler
                0x08002284                DMA1_Stream1_IRQHandler
                0x08002284                TIM3_IRQHandler
                0x08002284                RCC_IRQHandler
                0x08002284                Default_Handler
                0x08002284                EXTI15_10_IRQHandler
                0x08002284                ADC_IRQHandler
                0x08002284                DMA1_Stream7_IRQHandler
                0x08002284                TIM5_IRQHandler
                0x08002284                DMA2_Stream7_IRQHandler
                0x08002284                I2C3_EV_IRQHandler
                0x08002284                EXTI9_5_IRQHandler
                0x08002284                SPI2_IRQHandler
                0x08002284                MemManage_Handler
                0x08002284                DMA1_Stream0_IRQHandler
                0x08002284                SVC_Handler
                0x08002284                EXTI4_IRQHandler
                0x08002284                EXTI22_RTC_WKUP_IRQHandler
                0x08002284                TIM2_IRQHandler
                0x08002284                EXTI16_PVD_IRQHandler
                0x08002284                TIM1_TRG_COM_TIM11_IRQHandler
                0x08002284                EXTI1_IRQHandler
                0x08002284                EXTI17_RTC_Alarm_IRQHandler
                0x08002284                I2C2_ER_IRQHandler
                0x08002284                DMA2_Stream1_IRQHandler
                0x08002284                FLASH_IRQHandler
                0x08002284                DMA2_Stream4_IRQHandler
                0x08002284                BusFault_Handler
                0x08002284                OTG_FS_IRQHandler
                0x08002284                SPI3_IRQHandler
                0x08002284                DMA1_Stream4_IRQHandler
                0x08002284                I2C1_ER_IRQHandler
                0x08002284                DMA2_Stream6_IRQHandler
                0x08002284                DMA1_Stream3_IRQHandler
 *fill*         0x08002286        0x2 
 .text.__libc_init_array
                0x08002288       0x48 /opt/st/stm32cubeide_1.19.0/plugins/com.st.stm32cube.ide.mcu.externaltools.gnu-tools-for-stm32.13.3.rel1.linux64_1.0.0.202410170706/tools/bin/../lib/gcc/arm-none-eabi/13.3.1/../../../../arm-none-eabi/lib/thumb/v7e-m/nofp/libc_nano.a(libc_a-init.o)
                0x08002288                __libc_init_array
 *(.glue_7)
 .glue_7        0x080022d0        0x0 linker stubs
 *(.glue_7t)
 .glue_7t       0x080022d0        0x0 linker stubs
 *(.eh_frame)
 .eh_frame      0x080022d0        0x0 /opt/st/stm32cubeide_1.19.0/plugins/com.st.stm32cube.ide.mcu.externaltools.gnu-tools-for-stm32.13.3.rel1.linux64_1.0.0.202410170706/tools/bin/../lib/gcc/arm-none-eabi/13.3.1/thumb/v7e-m/nofp/crtbegin.o
 *(.init)
 .init          0x080022d0        0x4 /opt/st/stm32cubeide_1.19.0/plugins/com.st.stm32cube.ide.mcu.externaltools.gnu-tools-for-stm32.13.3.rel1.linux64_1.0.0.202410170706/tools/bin/../lib/gcc/arm-none-eabi/13.3.1/thumb/v7e-m/nofp/crti.o
                0x080022d0                _init
 .init          0x080022d4        0x8 /opt/st/stm32cubeide_1.19.0/plugins/com.st.stm32cube.ide.mcu.externaltools.gnu-tools-for-stm32.13.3.rel1.linux64_1.0.0.202410170706/tools/bin/../lib/gcc/arm-none-eabi/13.3.1/thumb/v7e-m/nofp/crtn.o
 *(.fini)
 .fini          0x080022dc        0x4 /opt/st/stm32cubeide_1.19.0/plugins/com.st.stm32cube.ide.mcu.externaltools.gnu-tools-for-stm32.13.3.rel1.linux64_1.0.0.202410170706/tools/bin/../lib/gcc/arm-none-eabi/13.3.1/thumb/v7e-m/nofp/crti.o
                0x080022dc                _fini
 .fini          0x080022e0        0x8 /opt/st/stm32cubeide_1.19.0/plugins/com.st.stm32cube.ide.mcu.externaltools.gnu-tools-for-stm32.13.3.rel1.linux64_1.0.0.202410170706/tools/bin/../lib/gcc/arm-none-eabi/13.3.1/thumb/v7e-m/nofp/crtn.o
                0x080022e8                        . = ALIGN (0x4)
                0x080022e8                        _etext = .

.vfp11_veneer   0x080022e8        0x0
 .vfp11_veneer  0x080022e8        0x0 linker stubs

.v4_bx          0x080022e8        0x0
 .v4_bx         0x080022e8        0x0 linker stubs

.iplt           0x080022e8        0x0
 .iplt          0x080022e8        0x0 /opt/st/stm32cubeide_1.19.0/plugins/com.st.stm32cube.ide.mcu.externaltools.gnu-tools-for-stm32.13.3.rel1.linux64_1.0.0.202410170706/tools/bin/../lib/gcc/arm-none-eabi/13.3.1/thumb/v7e-m/nofp/crtbegin.o

.rodata         0x080022e8    0x32000
                0x080022e8                        . = ALIGN (0x4)
 *(.rodata)
 *(.rodata*)
 .rodata.arr0   0x080022e8     0xa000 ./Src/main.o
                0x080022e8                arr0
 .rodata.arr1   0x0800c2e8     0xa000 ./Src/main.o
                0x0800c2e8                arr1
 .rodata.arr4   0x080162e8     0xa000 ./Src/main.o
                0x080162e8                arr4
 .rodata.arr3   0x080202e8     0xa000 ./Src/main.o
                0x080202e8                arr3
 .rodata.arr2   0x0802a2e8     0xa000 ./Src/main.o
                0x0802a2e8                arr2
                0x080342e8                        . = ALIGN (0x4)

.ARM.extab      0x080342e8        0x0
                0x080342e8                        . = ALIGN (0x4)
 *(.ARM.extab* .gnu.linkonce.armextab.*)
                0x080342e8                        . = ALIGN (0x4)

.ARM            0x080342e8        0x0
                0x080342e8                        . = ALIGN (0x4)
                0x080342e8                        __exidx_start = .
 *(.ARM.exidx*)
                0x080342e8                        __exidx_end = .
                0x080342e8                        . = ALIGN (0x4)

.preinit_array  0x080342e8        0x0
                0x080342e8                        . = ALIGN (0x4)
                0x080342e8                        PROVIDE (__preinit_array_start = .)
 *(.preinit_array*)
                0x080342e8                        PROVIDE (__preinit_array_end = .)
                0x080342e8                        . = ALIGN (0x4)

.init_array     0x080342e8        0x4
                0x080342e8                        . = ALIGN (0x4)
                0x080342e8                        PROVIDE (__init_array_start = .)
 *(SORT_BY_NAME(.init_array.*))
 *(.init_array*)
 .init_array    0x080342e8        0x4 /opt/st/stm32cubeide_1.19.0/plugins/com.st.stm32cube.ide.mcu.externaltools.gnu-tools-for-stm32.13.3.rel1.linux64_1.0.0.202410170706/tools/bin/../lib/gcc/arm-none-eabi/13.3.1/thumb/v7e-m/nofp/crtbegin.o
                0x080342ec                        PROVIDE (__init_array_end = .)
                0x080342ec                        . = ALIGN (0x4)

.fini_array     0x080342ec        0x4
                0x080342ec                        . = ALIGN (0x4)
                [!provide]                        PROVIDE (__fini_array_start = .)
 *(SORT_BY_NAME(.fini_array.*))
 *(.fini_array*)
 .fini_array    0x080342ec        0x4 /opt/st/stm32cubeide_1.19.0/plugins/com.st.stm32cube.ide.mcu.externaltools.gnu-tools-for-stm32.13.3.rel1.linux64_1.0.0.202410170706/tools/bin/../lib/gcc/arm-none-eabi/13.3.1/thumb/v7e-m/nofp/crtbegin.o
                [!provide]                        PROVIDE (__fini_array_end = .)
                0x080342f0                        . = ALIGN (0x4)
                0x080342f0                        _sidata = LOADADDR (.data)

.rel.dyn        0x080342f0        0x0
 .rel.iplt      0x080342f0        0x0 /opt/st/stm32cubeide_1.19.0/plugins/com.st.stm32cube.ide.mcu.externaltools.gnu-tools-for-stm32.13.3.rel1.linux64_1.0.0.202410170706/tools/bin/../lib/gcc/arm-none-eabi/13.3.1/thumb/v7e-m/nofp/crtbegin.o

.data           0x20000000       0xb4 load address 0x080342f0
                0x20000000                        . = ALIGN (0x4)
                0x20000000                        _sdata = .
 *(.data)
 *(.data*)
 .data.GPIO_Port
                0x20000000       0x20 ./Src/GPIO_prog.o
 .data.SPI_Channel
                0x20000020       0x10 ./Src/SPI_program.o
 .data.SPI1     0x20000030        0xf ./Src/SYS_init.o
                0x20000030                SPI1
 *fill*         0x2000003f        0x1 
 .data.PA4_NSS  0x20000040        0x7 ./Src/SYS_init.o
                0x20000040                PA4_NSS
 *fill*         0x20000047        0x1 
 .data.PA5_SCK  0x20000048        0x7 ./Src/SYS_init.o
                0x20000048                PA5_SCK
 *fill*         0x2000004f        0x1 
 .data.PA6_MISO
                0x20000050        0x7 ./Src/SYS_init.o
                0x20000050                PA6_MISO
 *fill*         0x20000057        0x1 
 .data.PA7_MOSI
                0x20000058        0x7 ./Src/SYS_init.o
                0x20000058                PA7_MOSI
 *fill*         0x2000005f        0x1 
 .data.USART_2  0x20000060       0x18 ./Src/SYS_init.o
                0x20000060                USART_2
 .data.PA2      0x20000078        0x7 ./Src/SYS_init.o
                0x20000078                PA2
 *fill*         0x2000007f        0x1 
 .data.PA3      0x20000080        0x7 ./Src/SYS_init.o
                0x20000080                PA3
 *fill*         0x20000087        0x1 
 .data.RST_PIN  0x20000088        0x7 ./Src/TFT_program.o
                0x20000088                RST_PIN
 *fill*         0x2000008f        0x1 
 .data.A0_PIN   0x20000090        0x7 ./Src/TFT_program.o
                0x20000090                A0_PIN
 *fill*         0x20000097        0x1 
 .data.USART_Channel
                0x20000098       0x18 ./Src/USART_program.o
 .data.Global_USART_u8RXData
                0x200000b0        0x1 ./Src/main.o
                0x200000b0                Global_USART_u8RXData
 *(.RamFunc)
 *(.RamFunc*)
                0x200000b4                        . = ALIGN (0x4)
 *fill*         0x200000b1        0x3 
                0x200000b4                        _edata = .

.igot.plt       0x200000b4        0x0 load address 0x080343a4
 .igot.plt      0x200000b4        0x0 /opt/st/stm32cubeide_1.19.0/plugins/com.st.stm32cube.ide.mcu.externaltools.gnu-tools-for-stm32.13.3.rel1.linux64_1.0.0.202410170706/tools/bin/../lib/gcc/arm-none-eabi/13.3.1/thumb/v7e-m/nofp/crtbegin.o
                0x200000b4                        . = ALIGN (0x4)

.bss            0x200000b4       0x44 load address 0x080343a4
                0x200000b4                        _sbss = .
                0x200000b4                        __bss_start__ = _sbss
 *(.bss)
 .bss           0x200000b4       0x1c /opt/st/stm32cubeide_1.19.0/plugins/com.st.stm32cube.ide.mcu.externaltools.gnu-tools-for-stm32.13.3.rel1.linux64_1.0.0.202410170706/tools/bin/../lib/gcc/arm-none-eabi/13.3.1/thumb/v7e-m/nofp/crtbegin.o
 *(.bss*)
 .bss.RCC_u8State
                0x200000d0        0x1 ./Src/RCC_program.o
 .bss.SPI_u8State
                0x200000d1        0x1 ./Src/SPI_program.o
 *fill*         0x200000d2        0x2 
 .bss.USART_u8State
                0x200000d4        0x6 ./Src/USART_program.o
 *fill*         0x200000da        0x2 
 .bss.USART_CallBack
                0x200000dc       0x18 ./Src/USART_program.o
 .bss.Global_u8Current
                0x200000f4        0x1 ./Src/main.o
                0x200000f4                Global_u8Current
 .bss.Global_u8Playing
                0x200000f5        0x1 ./Src/main.o
                0x200000f5                Global_u8Playing
 .bss.Global_u8Flag
                0x200000f6        0x1 ./Src/main.o
                0x200000f6                Global_u8Flag
 *(COMMON)
                0x200000f8                        . = ALIGN (0x4)
 *fill*         0x200000f7        0x1 
                0x200000f8                        _ebss = .
                0x200000f8                        __bss_end__ = _ebss

._user_heap_stack
                0x200000f8      0x600 load address 0x080343a4
                0x200000f8                        . = ALIGN (0x8)
                [!provide]                        PROVIDE (end = .)
                0x200000f8                        PROVIDE (_end = .)
                0x200002f8                        . = (. + _Min_Heap_Size)
 *fill*         0x200000f8      0x200 
                0x200006f8                        . = (. + _Min_Stack_Size)
 *fill*         0x200002f8      0x400 
                0x200006f8                        . = ALIGN (0x8)

/DISCARD/
 libc.a(*)
 libm.a(*)
 libgcc.a(*)

.ARM.attributes
                0x00000000       0x2a
 *(.ARM.attributes)
 .ARM.attributes
                0x00000000       0x1e /opt/st/stm32cubeide_1.19.0/plugins/com.st.stm32cube.ide.mcu.externaltools.gnu-tools-for-stm32.13.3.rel1.linux64_1.0.0.202410170706/tools/bin/../lib/gcc/arm-none-eabi/13.3.1/thumb/v7e-m/nofp/crti.o
 .ARM.attributes
                0x0000001e       0x2e /opt/st/stm32cubeide_1.19.0/plugins/com.st.stm32cube.ide.mcu.externaltools.gnu-tools-for-stm32.13.3.rel1.linux64_1.0.0.202410170706/tools/bin/../lib/gcc/arm-none-eabi/13.3.1/thumb/v7e-m/nofp/crtbegin.o
 .ARM.attributes
                0x0000004c       0x2e ./Src/GPIO_prog.o
 .ARM.attributes
                0x0000007a       0x2e ./Src/NVIC_program.o
 .ARM.attributes
                0x000000a8       0x2e ./Src/RCC_program.o
 .ARM.attributes
                0x000000d6       0x2e ./Src/SPI_program.o
 .ARM.attributes
                0x00000104       0x2e ./Src/SYSTIC_program.o
 .ARM.attributes
                0x00000132       0x2e ./Src/SYS_init.o
 .ARM.attributes
                0x00000160       0x2e ./Src/TFT_program.o
 .ARM.attributes
                0x0000018e       0x2e ./Src/USART_program.o
 .ARM.attributes
                0x000001bc       0x2e ./Src/main.o
 .ARM.attributes
                0x000001ea       0x21 ./Startup/startup_stm32f401ccux.o
 .ARM.attributes
                0x0000020b       0x2e /opt/st/stm32cubeide_1.19.0/plugins/com.st.stm32cube.ide.mcu.externaltools.gnu-tools-for-stm32.13.3.rel1.linux64_1.0.0.202410170706/tools/bin/../lib/gcc/arm-none-eabi/13.3.1/../../../../arm-none-eabi/lib/thumb/v7e-m/nofp/libc_nano.a(libc_a-init.o)
 .ARM.attributes
                0x00000239       0x1e /opt/st/stm32cubeide_1.19.0/plugins/com.st.stm32cube.ide.mcu.externaltools.gnu-tools-for-stm32.13.3.rel1.linux64_1.0.0.202410170706/tools/bin/../lib/gcc/arm-none-eabi/13.3.1/thumb/v7e-m/nofp/libgcc.a(_arm_addsubdf3.o)
 .ARM.attributes
                0x00000257       0x1e /opt/st/stm32cubeide_1.19.0/plugins/com.st.stm32cube.ide.mcu.externaltools.gnu-tools-for-stm32.13.3.rel1.linux64_1.0.0.202410170706/tools/bin/../lib/gcc/arm-none-eabi/13.3.1/thumb/v7e-m/nofp/libgcc.a(_arm_muldivdf3.o)
 .ARM.attributes
                0x00000275       0x1e /opt/st/stm32cubeide_1.19.0/plugins/com.st.stm32cube.ide.mcu.externaltools.gnu-tools-for-stm32.13.3.rel1.linux64_1.0.0.202410170706/tools/bin/../lib/gcc/arm-none-eabi/13.3.1/thumb/v7e-m/nofp/libgcc.a(_arm_fixunsdfsi.o)
 .ARM.attributes
                0x00000293       0x1e /opt/st/stm32cubeide_1.19.0/plugins/com.st.stm32cube.ide.mcu.externaltools.gnu-tools-for-stm32.13.3.rel1.linux64_1.0.0.202410170706/tools/bin/../lib/gcc/arm-none-eabi/13.3.1/thumb/v7e-m/nofp/libgcc.a(_arm_addsubsf3.o)
 .ARM.attributes
                0x000002b1       0x1e /opt/st/stm32cubeide_1.19.0/plugins/com.st.stm32cube.ide.mcu.externaltools.gnu-tools-for-stm32.13.3.rel1.linux64_1.0.0.202410170706/tools/bin/../lib/gcc/arm-none-eabi/13.3.1/thumb/v7e-m/nofp/libgcc.a(_arm_muldivsf3.o)
 .ARM.attributes
                0x000002cf       0x1e /opt/st/stm32cubeide_1.19.0/plugins/com.st.stm32cube.ide.mcu.externaltools.gnu-tools-for-stm32.13.3.rel1.linux64_1.0.0.202410170706/tools/bin/../lib/gcc/arm-none-eabi/13.3.1/thumb/v7e-m/nofp/libgcc.a(_arm_fixunssfsi.o)
 .ARM.attributes
                0x000002ed       0x1e /opt/st/stm32cubeide_1.19.0/plugins/com.st.stm32cube.ide.mcu.externaltools.gnu-tools-for-stm32.13.3.rel1.linux64_1.0.0.202410170706/tools/bin/../lib/gcc/arm-none-eabi/13.3.1/thumb/v7e-m/nofp/crtn.o
OUTPUT(SPI_TFT.elf elf32-littlearm)
LOAD linker stubs
LOAD /opt/st/stm32cubeide_1.19.0/plugins/com.st.stm32cube.ide.mcu.externaltools.gnu-tools-for-stm32.13.3.rel1.linux64_1.0.0.202410170706/tools/bin/../lib/gcc/arm-none-eabi/13.3.1/../../../../arm-none-eabi/lib/thumb/v7e-m/nofp/libc.a
LOAD /opt/st/stm32cubeide_1.19.0/plugins/com.st.stm32cube.ide.mcu.externaltools.gnu-tools-for-stm32.13.3.rel1.linux64_1.0.0.202410170706/tools/bin/../lib/gcc/arm-none-eabi/13.3.1/../../../../arm-none-eabi/lib/thumb/v7e-m/nofp/libm.a
LOAD /opt/st/stm32cubeide_1.19.0/plugins/com.st.stm32cube.ide.mcu.externaltools.gnu-tools-for-stm32.13.3.rel1.linux64_1.0.0.202410170706/tools/bin/../lib/gcc/arm-none-eabi/13.3.1/thumb/v7e-m/nofp/libgcc.a

.debug_info     0x00000000     0x48a9
 .debug_info    0x00000000      0xf11 ./Src/GPIO_prog.o
 .debug_info    0x00000f11      0x4e3 ./Src/NVIC_program.o
 .debug_info    0x000013f4      0x64c ./Src/RCC_program.o
 .debug_info    0x00001a40      0x6b6 ./Src/SPI_program.o
 .debug_info    0x000020f6      0x19e ./Src/SYSTIC_program.o
 .debug_info    0x00002294      0xdb6 ./Src/SYS_init.o
 .debug_info    0x0000304a      0x80e ./Src/TFT_program.o
 .debug_info    0x00003858      0x783 ./Src/USART_program.o
 .debug_info    0x00003fdb      0x89e ./Src/main.o
 .debug_info    0x00004879       0x30 ./Startup/startup_stm32f401ccux.o

.debug_abbrev   0x00000000      0xce6
 .debug_abbrev  0x00000000      0x1b8 ./Src/GPIO_prog.o
 .debug_abbrev  0x000001b8      0x134 ./Src/NVIC_program.o
 .debug_abbrev  0x000002ec      0x1a4 ./Src/RCC_program.o
 .debug_abbrev  0x00000490      0x116 ./Src/SPI_program.o
 .debug_abbrev  0x000005a6       0xe9 ./Src/SYSTIC_program.o
 .debug_abbrev  0x0000068f      0x164 ./Src/SYS_init.o
 .debug_abbrev  0x000007f3      0x165 ./Src/TFT_program.o
 .debug_abbrev  0x00000958      0x1f2 ./Src/USART_program.o
 .debug_abbrev  0x00000b4a      0x178 ./Src/main.o
 .debug_abbrev  0x00000cc2       0x24 ./Startup/startup_stm32f401ccux.o

.debug_aranges  0x00000000      0x318
 .debug_aranges
                0x00000000       0xe0 ./Src/GPIO_prog.o
 .debug_aranges
                0x000000e0       0x48 ./Src/NVIC_program.o
 .debug_aranges
                0x00000128       0x58 ./Src/RCC_program.o
 .debug_aranges
                0x00000180       0x38 ./Src/SPI_program.o
 .debug_aranges
                0x000001b8       0x48 ./Src/SYSTIC_program.o
 .debug_aranges
                0x00000200       0x20 ./Src/SYS_init.o
 .debug_aranges
                0x00000220       0x38 ./Src/TFT_program.o
 .debug_aranges
                0x00000258       0x70 ./Src/USART_program.o
 .debug_aranges
                0x000002c8       0x28 ./Src/main.o
 .debug_aranges
                0x000002f0       0x28 ./Startup/startup_stm32f401ccux.o

.debug_rnglists
                0x00000000      0x23d
 .debug_rnglists
                0x00000000       0xad ./Src/GPIO_prog.o
 .debug_rnglists
                0x000000ad       0x31 ./Src/NVIC_program.o
 .debug_rnglists
                0x000000de       0x42 ./Src/RCC_program.o
 .debug_rnglists
                0x00000120       0x29 ./Src/SPI_program.o
 .debug_rnglists
                0x00000149       0x33 ./Src/SYSTIC_program.o
 .debug_rnglists
                0x0000017c       0x14 ./Src/SYS_init.o
 .debug_rnglists
                0x00000190       0x27 ./Src/TFT_program.o
 .debug_rnglists
                0x000001b7       0x53 ./Src/USART_program.o
 .debug_rnglists
                0x0000020a       0x1a ./Src/main.o
 .debug_rnglists
                0x00000224       0x19 ./Startup/startup_stm32f401ccux.o

.debug_macro    0x00000000     0x1934
 .debug_macro   0x00000000       0x9b ./Src/GPIO_prog.o
 .debug_macro   0x0000009b      0xad2 ./Src/GPIO_prog.o
 .debug_macro   0x00000b6d       0x22 ./Src/GPIO_prog.o
 .debug_macro   0x00000b8f       0x8e ./Src/GPIO_prog.o
 .debug_macro   0x00000c1d       0x51 ./Src/GPIO_prog.o
 .debug_macro   0x00000c6e      0x103 ./Src/GPIO_prog.o
 .debug_macro   0x00000d71       0x6a ./Src/GPIO_prog.o
 .debug_macro   0x00000ddb      0x1df ./Src/GPIO_prog.o
 .debug_macro   0x00000fba      0x16b ./Src/GPIO_prog.o
 .debug_macro   0x00001125       0x46 ./Src/GPIO_prog.o
 .debug_macro   0x0000116b       0x28 ./Src/GPIO_prog.o
 .debug_macro   0x00001193       0x58 ./Src/GPIO_prog.o
 .debug_macro   0x000011eb       0x93 ./Src/NVIC_program.o
 .debug_macro   0x0000127e       0xa4 ./Src/RCC_program.o
 .debug_macro   0x00001322       0x20 ./Src/RCC_program.o
 .debug_macro   0x00001342       0x28 ./Src/RCC_program.o
 .debug_macro   0x0000136a       0x92 ./Src/SPI_program.o
 .debug_macro   0x000013fc       0x16 ./Src/SPI_program.o
 .debug_macro   0x00001412       0x95 ./Src/SYSTIC_program.o
 .debug_macro   0x000014a7       0x28 ./Src/SYSTIC_program.o
 .debug_macro   0x000014cf       0x40 ./Src/SYSTIC_program.o
 .debug_macro   0x0000150f       0xda ./Src/SYS_init.o
 .debug_macro   0x000015e9       0x26 ./Src/SYS_init.o
 .debug_macro   0x0000160f       0x6a ./Src/SYS_init.o
 .debug_macro   0x00001679       0xaa ./Src/TFT_program.o
 .debug_macro   0x00001723       0x1c ./Src/TFT_program.o
 .debug_macro   0x0000173f       0x95 ./Src/USART_program.o
 .debug_macro   0x000017d4       0x7c ./Src/USART_program.o
 .debug_macro   0x00001850       0xe4 ./Src/main.o

.debug_line     0x00000000     0x3c42
 .debug_line    0x00000000      0xc9b ./Src/GPIO_prog.o
 .debug_line    0x00000c9b      0x4c5 ./Src/NVIC_program.o
 .debug_line    0x00001160      0x7a1 ./Src/RCC_program.o
 .debug_line    0x00001901      0x68c ./Src/SPI_program.o
 .debug_line    0x00001f8d      0x4fc ./Src/SYSTIC_program.o
 .debug_line    0x00002489      0x441 ./Src/SYS_init.o
 .debug_line    0x000028ca      0x45f ./Src/TFT_program.o
 .debug_line    0x00002d29      0x9bb ./Src/USART_program.o
 .debug_line    0x000036e4      0x4e3 ./Src/main.o
 .debug_line    0x00003bc7       0x7b ./Startup/startup_stm32f401ccux.o

.debug_str      0x00000000     0x6c2c
 .debug_str     0x00000000     0x6c2c ./Src/GPIO_prog.o
                               0x4fba (size before relaxing)
 .debug_str     0x00006c2c     0x4a31 ./Src/NVIC_program.o
 .debug_str     0x00006c2c     0x4cb5 ./Src/RCC_program.o
 .debug_str     0x00006c2c     0x4b1f ./Src/SPI_program.o
 .debug_str     0x00006c2c     0x47c7 ./Src/SYSTIC_program.o
 .debug_str     0x00006c2c     0x5a6b ./Src/SYS_init.o
 .debug_str     0x00006c2c     0x4787 ./Src/TFT_program.o
 .debug_str     0x00006c2c     0x4dc9 ./Src/USART_program.o
 .debug_str     0x00006c2c     0x512e ./Src/main.o
 .debug_str     0x00006c2c       0x85 ./Startup/startup_stm32f401ccux.o

.comment        0x00000000       0x43
 .comment       0x00000000       0x43 ./Src/GPIO_prog.o
                                 0x44 (size before relaxing)
 .comment       0x00000043       0x44 ./Src/NVIC_program.o
 .comment       0x00000043       0x44 ./Src/RCC_program.o
 .comment       0x00000043       0x44 ./Src/SPI_program.o
 .comment       0x00000043       0x44 ./Src/SYSTIC_program.o
 .comment       0x00000043       0x44 ./Src/SYS_init.o
 .comment       0x00000043       0x44 ./Src/TFT_program.o
 .comment       0x00000043       0x44 ./Src/USART_program.o
 .comment       0x00000043       0x44 ./Src/main.o

.debug_frame    0x00000000      0xc44
 .debug_frame   0x00000000      0x3e0 ./Src/GPIO_prog.o
 .debug_frame   0x000003e0      0x100 ./Src/NVIC_program.o
 .debug_frame   0x000004e0      0x150 ./Src/RCC_program.o
 .debug_frame   0x00000630       0xb0 ./Src/SPI_program.o
 .debug_frame   0x000006e0       0xd8 ./Src/SYSTIC_program.o
 .debug_frame   0x000007b8       0x2c ./Src/SYS_init.o
 .debug_frame   0x000007e4       0xa0 ./Src/TFT_program.o
 .debug_frame   0x00000884      0x184 ./Src/USART_program.o
 .debug_frame   0x00000a08       0x48 ./Src/main.o
 .debug_frame   0x00000a50       0x2c /opt/st/stm32cubeide_1.19.0/plugins/com.st.stm32cube.ide.mcu.externaltools.gnu-tools-for-stm32.13.3.rel1.linux64_1.0.0.202410170706/tools/bin/../lib/gcc/arm-none-eabi/13.3.1/../../../../arm-none-eabi/lib/thumb/v7e-m/nofp/libc_nano.a(libc_a-init.o)
 .debug_frame   0x00000a7c       0xac /opt/st/stm32cubeide_1.19.0/plugins/com.st.stm32cube.ide.mcu.externaltools.gnu-tools-for-stm32.13.3.rel1.linux64_1.0.0.202410170706/tools/bin/../lib/gcc/arm-none-eabi/13.3.1/thumb/v7e-m/nofp/libgcc.a(_arm_addsubdf3.o)
 .debug_frame   0x00000b28       0x50 /opt/st/stm32cubeide_1.19.0/plugins/com.st.stm32cube.ide.mcu.externaltools.gnu-tools-for-stm32.13.3.rel1.linux64_1.0.0.202410170706/tools/bin/../lib/gcc/arm-none-eabi/13.3.1/thumb/v7e-m/nofp/libgcc.a(_arm_muldivdf3.o)
 .debug_frame   0x00000b78       0x24 /opt/st/stm32cubeide_1.19.0/plugins/com.st.stm32cube.ide.mcu.externaltools.gnu-tools-for-stm32.13.3.rel1.linux64_1.0.0.202410170706/tools/bin/../lib/gcc/arm-none-eabi/13.3.1/thumb/v7e-m/nofp/libgcc.a(_arm_fixunsdfsi.o)
 .debug_frame   0x00000b9c       0x4c /opt/st/stm32cubeide_1.19.0/plugins/com.st.stm32cube.ide.mcu.externaltools.gnu-tools-for-stm32.13.3.rel1.linux64_1.0.0.202410170706/tools/bin/../lib/gcc/arm-none-eabi/13.3.1/thumb/v7e-m/nofp/libgcc.a(_arm_addsubsf3.o)
 .debug_frame   0x00000be8       0x38 /opt/st/stm32cubeide_1.19.0/plugins/com.st.stm32cube.ide.mcu.externaltools.gnu-tools-for-stm32.13.3.rel1.linux64_1.0.0.202410170706/tools/bin/../lib/gcc/arm-none-eabi/13.3.1/thumb/v7e-m/nofp/libgcc.a(_arm_muldivsf3.o)
 .debug_frame   0x00000c20       0x24 /opt/st/stm32cubeide_1.19.0/plugins/com.st.stm32cube.ide.mcu.externaltools.gnu-tools-for-stm32.13.3.rel1.linux64_1.0.0.202410170706/tools/bin/../lib/gcc/arm-none-eabi/13.3.1/thumb/v7e-m/nofp/libgcc.a(_arm_fixunssfsi.o)

.debug_line_str
                0x00000000       0x69
 .debug_line_str
                0x00000000       0x69 ./Startup/startup_stm32f401ccux.o
