../Src/EXTI_program.c:50:14:EXTI_vLineInit	24	static
../Src/EXTI_program.c:107:14:EXTI_vEnableInterrupt	24	static
../Src/EXTI_program.c:133:14:EXTI_vSetTrigSrc	24	static
../Src/EXTI_program.c:177:14:EXTI_vDisableInterrupt	24	static
../Src/EXTI_program.c:201:14:EXTI_vSwIntEvent	24	static
../Src/EXTI_program.c:223:6:EXTI_vClearPendFlag	16	static
../Src/EXTI_program.c:236:9:EXTI_u8ReadPendFlag	16	static
../Src/EXTI_program.c:245:6:EXTI0_IRQHandler	8	static
../Src/EXTI_program.c:256:6:EXTI1_IRQHandler	8	static
../Src/EXTI_program.c:267:6:EXTI2_IRQHandler	8	static
../Src/EXTI_program.c:278:6:EXTI3_IRQHandler	8	static
../Src/EXTI_program.c:289:6:EXTI4_IRQHandler	8	static
../Src/EXTI_program.c:300:6:EXTI9_5_IRQHandler	8	static
../Src/EXTI_program.c:334:6:EXTI15_10_IRQHandler	8	static
