../Src/USART_program.c:42:14:USART_Init	56	static
../Src/USART_program.c:140:14:USART_InitIT	56	static
../Src/USART_program.c:250:14:USART_enumTransmit	24	static
../Src/USART_program.c:302:14:USART_enumTransmitString	24	static
../Src/USART_program.c:345:14:USART_enumReceive	24	static
../Src/USART_program.c:392:6:USART1_IRQHandler	8	static
../Src/USART_program.c:406:6:USART2_IRQHandler	8	static
../Src/USART_program.c:420:6:USART3_IRQHandler	8	static
../Src/USART_program.c:434:6:USART4_IRQHandler	8	static
../Src/USART_program.c:448:6:USART5_IRQHandler	8	static
../Src/USART_program.c:462:6:USART6_IRQHandler	8	static
